**** 2018.06.13 ****


*/- 1
Проверяю версию Ruby и Rails:

ss@DEBIAN:~/rails_projects$ rvm list

rvm rubies

   ruby-2.0.0-p648 [ x86_64 ]
   ruby-2.1.8 [ x86_64 ]
   ruby-2.3.1 [ x86_64 ]
=* ruby-2.4.1 [ x86_64 ]

# => - current
# =* - current && default
#  * - default

ss@DEBIAN:~/rails_projects$ rvm gemset list

gemsets for ruby-2.4.1 (found in /home/ss/.rvm/gems/ruby-2.4.1)
   (default)
   global
=> rb241rl520

*/- 2
Запускаю генерацию 

ss@DEBIAN:~/rails_projects$ rails new osvita --skip-test-unit --database=postgresql
      create  
      create  README.md
      create  Rakefile
      create  .ruby-version
      create  config.ru
      create  .gitignore
      create  Gemfile
         run  git init from "."
Initialized empty Git repository in /home/ss/rails_projects/osvita/.git/
      create  package.json
      create  app
      create  app/assets/config/manifest.js
      create  app/assets/javascripts/application.js
      create  app/assets/javascripts/cable.js
      create  app/assets/stylesheets/application.css
      create  app/channels/application_cable/channel.rb
      create  app/channels/application_cable/connection.rb
      create  app/controllers/application_controller.rb
      create  app/helpers/application_helper.rb
      create  app/jobs/application_job.rb
      create  app/mailers/application_mailer.rb
      create  app/models/application_record.rb
      create  app/views/layouts/application.html.erb
      create  app/views/layouts/mailer.html.erb
      create  app/views/layouts/mailer.text.erb
      create  app/assets/images/.keep
      create  app/assets/javascripts/channels
      create  app/assets/javascripts/channels/.keep
      create  app/controllers/concerns/.keep
      create  app/models/concerns/.keep
      create  bin
      create  bin/bundle
      create  bin/rails
      create  bin/rake
      create  bin/setup
      create  bin/update
      create  bin/yarn
      create  config
      create  config/routes.rb
      create  config/application.rb
      create  config/environment.rb
      create  config/cable.yml
      create  config/puma.rb
      create  config/spring.rb
      create  config/storage.yml
      create  config/environments
      create  config/environments/development.rb
      create  config/environments/production.rb
      create  config/environments/test.rb
      create  config/initializers
      create  config/initializers/application_controller_renderer.rb
      create  config/initializers/assets.rb
      create  config/initializers/backtrace_silencers.rb
      create  config/initializers/content_security_policy.rb
      create  config/initializers/cookies_serializer.rb
      create  config/initializers/cors.rb
      create  config/initializers/filter_parameter_logging.rb
      create  config/initializers/inflections.rb
      create  config/initializers/mime_types.rb
      create  config/initializers/new_framework_defaults_5_2.rb
      create  config/initializers/wrap_parameters.rb
      create  config/locales
      create  config/locales/en.yml
      create  config/master.key
      append  .gitignore
      create  config/boot.rb
      create  config/database.yml
      create  db
      create  db/seeds.rb
      create  lib
      create  lib/tasks
      create  lib/tasks/.keep
      create  lib/assets
      create  lib/assets/.keep
      create  log
      create  log/.keep
      create  public
      create  public/404.html
      create  public/422.html
      create  public/500.html
      create  public/apple-touch-icon-precomposed.png
      create  public/apple-touch-icon.png
      create  public/favicon.ico
      create  public/robots.txt
      create  tmp
      create  tmp/.keep
      create  tmp/cache
      create  tmp/cache/assets
      create  vendor
      create  vendor/.keep
      create  test/fixtures
      create  test/fixtures/.keep
      create  test/fixtures/files
      create  test/fixtures/files/.keep
      create  test/controllers
      create  test/controllers/.keep
      create  test/mailers
      create  test/mailers/.keep
      create  test/models
      create  test/models/.keep
      create  test/helpers
      create  test/helpers/.keep
      create  test/integration
      create  test/integration/.keep
      create  test/test_helper.rb
      create  test/system
      create  test/system/.keep
      create  test/application_system_test_case.rb
      create  storage
      create  storage/.keep
      create  tmp/storage
      create  tmp/storage/.keep
      remove  config/initializers/cors.rb
      remove  config/initializers/new_framework_defaults_5_2.rb
         run  bundle install
The dependency tzinfo-data (>= 0) will be unused by any of the platforms Bundler is installing for. Bundler is installing for ruby but the dependency is only for x86-mingw32, x86-mswin32, x64-mingw32, java. To add those platforms to the bundle, run `bundle lock --add-platform x86-mingw32 x86-mswin32 x64-mingw32 java`.
Fetching gem metadata from https://rubygems.org/.........
Fetching gem metadata from https://rubygems.org/.
Resolving dependencies......
Fetching rake 12.3.1
Installing rake 12.3.1
Using concurrent-ruby 1.0.5
Using i18n 1.0.1
Fetching minitest 5.11.3
Installing minitest 5.11.3
Using thread_safe 0.3.6
Using tzinfo 1.2.5
Using activesupport 5.2.0
Using builder 3.2.3
Using erubi 1.7.1
Using mini_portile2 2.3.0
Using nokogiri 1.8.2
Using rails-dom-testing 2.0.3
Using crass 1.0.4
Using loofah 2.2.2
Using rails-html-sanitizer 1.0.4
Using actionview 5.2.0
Using rack 2.0.5
Using rack-test 1.0.0
Using actionpack 5.2.0
Using nio4r 2.3.1
Using websocket-extensions 0.1.3
Using websocket-driver 0.7.0
Using actioncable 5.2.0
Using globalid 0.4.1
Using activejob 5.2.0
Using mini_mime 1.0.0
Using mail 2.7.0
Using actionmailer 5.2.0
Using activemodel 5.2.0
Using arel 9.0.0
Using activerecord 5.2.0
Using mimemagic 0.3.2
Using marcel 0.3.2
Using activestorage 5.2.0
Fetching public_suffix 3.0.2
Installing public_suffix 3.0.2
Fetching addressable 2.5.2
Installing addressable 2.5.2
Fetching io-like 0.3.0
Installing io-like 0.3.0
Fetching archive-zip 0.11.0
Installing archive-zip 0.11.0
Fetching bindex 0.5.0
Installing bindex 0.5.0 with native extensions
Fetching msgpack 1.2.4
Installing msgpack 1.2.4 with native extensions
Fetching bootsnap 1.3.0
Installing bootsnap 1.3.0 with native extensions
Using bundler 1.16.2
Fetching byebug 10.0.2
Installing byebug 10.0.2 with native extensions
Fetching xpath 3.1.0
Installing xpath 3.1.0
Fetching capybara 3.2.1
Installing capybara 3.2.1
Fetching ffi 1.9.25
Installing ffi 1.9.25 with native extensions
Fetching childprocess 0.9.0
Installing childprocess 0.9.0
Fetching chromedriver-helper 1.2.0
Installing chromedriver-helper 1.2.0
Fetching coffee-script-source 1.12.2
Installing coffee-script-source 1.12.2
Fetching execjs 2.7.0
Installing execjs 2.7.0
Fetching coffee-script 2.4.1
Installing coffee-script 2.4.1
Using method_source 0.9.0
Using thor 0.20.0
Using railties 5.2.0
Fetching coffee-rails 4.2.2
Installing coffee-rails 4.2.2
Fetching multi_json 1.13.1
Installing multi_json 1.13.1
Fetching jbuilder 2.7.0
Installing jbuilder 2.7.0
Fetching rb-fsevent 0.10.3
Installing rb-fsevent 0.10.3
Fetching rb-inotify 0.9.10
Installing rb-inotify 0.9.10
Fetching ruby_dep 1.5.0
Installing ruby_dep 1.5.0
Fetching listen 3.1.5
Installing listen 3.1.5
Fetching pg 1.0.0
Installing pg 1.0.0 with native extensions
Fetching puma 3.11.4
Installing puma 3.11.4 with native extensions
Using sprockets 3.7.1
Using sprockets-rails 3.2.1
Using rails 5.2.0
Fetching rubyzip 1.2.1
Installing rubyzip 1.2.1
Fetching sass-listen 4.0.0
Installing sass-listen 4.0.0
Fetching sass 3.5.6
Installing sass 3.5.6
Fetching tilt 2.0.8
Installing tilt 2.0.8
Fetching sass-rails 5.0.7
Installing sass-rails 5.0.7
Fetching selenium-webdriver 3.12.0
Installing selenium-webdriver 3.12.0
Fetching spring 2.0.2
Installing spring 2.0.2
Fetching spring-watcher-listen 2.0.1
Installing spring-watcher-listen 2.0.1
Fetching turbolinks-source 5.1.0
Installing turbolinks-source 5.1.0
Fetching turbolinks 5.1.1
Installing turbolinks 5.1.1
Fetching uglifier 4.1.11
Installing uglifier 4.1.11
Fetching web-console 3.6.2
Installing web-console 3.6.2
Bundle complete! 18 Gemfile dependencies, 78 gems now installed.
Gems in the group production were not installed.
Use `bundle info [gemname]` to see where a bundled gem is installed.
         run  bundle exec spring binstub --all
* bin/rake: spring inserted
* bin/rails: spring inserted
ss@DEBIAN:~/rails_projects$ 

*/- 3
Запускаю сервер - не запускается:

ss@DEBIAN:~/rails_projects$ cd osvita
ss@DEBIAN:~/rails_projects/osvita$ rails server
/usr/lib/ruby/2.1.0/rubygems/dependency.rb:298:in `to_specs': Could not find 'rails' (>= 0) among 20 total gem(s) (Gem::LoadError)
	from /usr/lib/ruby/2.1.0/rubygems/dependency.rb:309:in `to_spec'
	from /usr/lib/ruby/2.1.0/rubygems/core_ext/kernel_gem.rb:53:in `gem'
	from /usr/local/bin/rails:22:in `<main>'

*/- 4
Добавляю в Gemfile ... не помогло:

#ruby-gemset=rb241rl520


ss@DEBIAN:~/rails_projects/osvita$ bundle install
/usr/lib/ruby/2.1.0/rubygems/dependency.rb:298:in `to_specs': Could not find 'bundler' (>= 0) among 20 total gem(s) (Gem::LoadError)
	from /usr/lib/ruby/2.1.0/rubygems/dependency.rb:309:in `to_spec'
	from /usr/lib/ruby/2.1.0/rubygems/core_ext/kernel_gem.rb:53:in `gem'
	from /usr/local/bin/bundle:22:in `<main>'
ss@DEBIAN:~/rails_projects/osvita$ 

*/- 5
ОсВ, что в конце п.2 было написано:
Gems in the group production were not installed.
Use `bundle info [gemname]` to see where a bundled gem is installed.
         run  bundle exec spring binstub --all
* bin/rake: spring inserted
* bin/rails: spring inserted

*/- 5.1
Запускаю ... не помогло:

ss@DEBIAN:~/rails_projects/osvita$ bundle exec spring binstub --all
/usr/lib/ruby/2.1.0/rubygems/dependency.rb:298:in `to_specs': Could not find 'bundler' (>= 0) among 20 total gem(s) (Gem::LoadError)
	from /usr/lib/ruby/2.1.0/rubygems/dependency.rb:309:in `to_spec'
	from /usr/lib/ruby/2.1.0/rubygems/core_ext/kernel_gem.rb:53:in `gem'
	from /usr/local/bin/bundle:22:in `<main>'

*/- 6.1
Затем ОсВ, что такая же "концовка" была и при генерации /poisk - см.п.1.1 hm-poisk9-180218(new-8);
Значит, это не сообщение об ошибке;
Закрадывается подозрение, что что-то с bundle'ром;

*/- 7
Попробую проверить устааовку гемов:

*/- 7.1
В /osvita
запускаю ... и получаю ошибку,

ss@DEBIAN:~/rails_projects/osvita$ bundle info 'rails'
/usr/lib/ruby/2.1.0/rubygems/dependency.rb:298:in `to_specs': Could not find 'bundler' (>= 0) among 20 total gem(s) (Gem::LoadError)
	from /usr/lib/ruby/2.1.0/rubygems/dependency.rb:309:in `to_spec'
	from /usr/lib/ruby/2.1.0/rubygems/core_ext/kernel_gem.rb:53:in `gem'
	from /usr/local/bin/bundle:22:in `<main>'
ss@DEBIAN:~/rails_projects/osvita$ 

*/- 7.2
...а в /pisma это же отрабатывакт:

ss@DEBIAN:~/rails_projects/pisma$ bundle info 'rails'
  * rails (4.0.2)
	Summary: Full-stack web application framework.
	Homepage: http://www.rubyonrails.org
	Path: /home/ss/.rvm/gems/ruby-2.1.8@rb21rl402/gems/rails-4.0.2
ss@DEBIAN:~/rails_projects/pisma$ 

*/- 8
Поискал в Гугле 
Could not find 'bundler' (>= 0) among 20 total gem(s) (Gem::LoadError)

*/- 8.1
Соверуют bundle update;

Делаю это в "родительской" директории, полагая, что bundle - это гем для всего ПК,
но из полученного сообщения я понял, что для каждого Проекта - свой bundle:

ss@DEBIAN:~$ bundle update
Could not locate Gemfile

*/- 8.2
... поэтому захожу в /osvita
и запускаю ... - ПОШЛО!!!!

ss@DEBIAN:~/rails_projects/osvita$ gem install bundler
Fetching: bundler-1.16.2.gem (100%)
Successfully installed bundler-1.16.2
1 gem installed

*/-8.2
ss@DEBIAN:~/rails_projects/osvita$ bundle update
The dependency tzinfo-data (>= 0) will be unused by any of the platforms Bundler is installing for. Bundler is installing for ruby but the dependency is only for x86-mingw32, x86-mswin32, x64-mingw32, java. To add those platforms to the bundle, run `bundle lock --add-platform x86-mingw32 x86-mswin32 x64-mingw32 java`.
Fetching gem metadata from https://rubygems.org/.........
Fetching gem metadata from https://rubygems.org/.
Resolving dependencies.....
Fetching rake 12.3.1
Installing rake 12.3.1
Fetching concurrent-ruby 1.0.5
Installing concurrent-ruby 1.0.5
Fetching i18n 1.0.1
Installing i18n 1.0.1
Fetching minitest 5.11.3
Installing minitest 5.11.3
Fetching thread_safe 0.3.6
Installing thread_safe 0.3.6
Fetching tzinfo 1.2.5
Installing tzinfo 1.2.5
Fetching activesupport 5.2.0
Installing activesupport 5.2.0
Fetching builder 3.2.3
Installing builder 3.2.3
Fetching erubi 1.7.1
Installing erubi 1.7.1
Fetching mini_portile2 2.3.0
Installing mini_portile2 2.3.0
Fetching nokogiri 1.8.2
Installing nokogiri 1.8.2 with native extensions
Fetching rails-dom-testing 2.0.3
Installing rails-dom-testing 2.0.3
Fetching crass 1.0.4
Installing crass 1.0.4
Fetching loofah 2.2.2
Installing loofah 2.2.2
Fetching rails-html-sanitizer 1.0.4
Installing rails-html-sanitizer 1.0.4
Fetching actionview 5.2.0
Installing actionview 5.2.0
Fetching rack 2.0.5
Installing rack 2.0.5
Fetching rack-test 1.0.0
Installing rack-test 1.0.0
Fetching actionpack 5.2.0
Installing actionpack 5.2.0
Fetching nio4r 2.3.1
Installing nio4r 2.3.1 with native extensions
Fetching websocket-extensions 0.1.3
Installing websocket-extensions 0.1.3
Fetching websocket-driver 0.7.0
Installing websocket-driver 0.7.0 with native extensions
Fetching actioncable 5.2.0
Installing actioncable 5.2.0
Fetching globalid 0.4.1
Installing globalid 0.4.1
Fetching activejob 5.2.0
Installing activejob 5.2.0
Fetching mini_mime 1.0.0
Installing mini_mime 1.0.0
Fetching mail 2.7.0
Installing mail 2.7.0
Fetching actionmailer 5.2.0
Installing actionmailer 5.2.0
Fetching activemodel 5.2.0
Installing activemodel 5.2.0
Fetching arel 9.0.0
Installing arel 9.0.0
Fetching activerecord 5.2.0
Installing activerecord 5.2.0
Fetching mimemagic 0.3.2
Installing mimemagic 0.3.2
Fetching marcel 0.3.2
Installing marcel 0.3.2
Fetching activestorage 5.2.0
Installing activestorage 5.2.0
Fetching public_suffix 3.0.2
Installing public_suffix 3.0.2
Fetching addressable 2.5.2
Installing addressable 2.5.2
Fetching io-like 0.3.0
Installing io-like 0.3.0
Fetching archive-zip 0.11.0
Installing archive-zip 0.11.0
Fetching bindex 0.5.0
Installing bindex 0.5.0 with native extensions
Fetching msgpack 1.2.4
Installing msgpack 1.2.4 with native extensions
Fetching bootsnap 1.3.0
Installing bootsnap 1.3.0 with native extensions
Using bundler 1.16.2
Fetching byebug 10.0.2
Installing byebug 10.0.2 with native extensions
Fetching xpath 3.1.0
Installing xpath 3.1.0
Fetching capybara 3.2.1
Installing capybara 3.2.1
Fetching ffi 1.9.25
Installing ffi 1.9.25 with native extensions
Fetching childprocess 0.9.0
Installing childprocess 0.9.0
Fetching chromedriver-helper 1.2.0
Installing chromedriver-helper 1.2.0
Fetching coffee-script-source 1.12.2
Installing coffee-script-source 1.12.2
Fetching execjs 2.7.0
Installing execjs 2.7.0
Fetching coffee-script 2.4.1
Installing coffee-script 2.4.1
Fetching method_source 0.9.0
Installing method_source 0.9.0
Fetching thor 0.20.0
Installing thor 0.20.0
Fetching railties 5.2.0
Installing railties 5.2.0
Fetching coffee-rails 4.2.2
Installing coffee-rails 4.2.2
Fetching multi_json 1.13.1
Installing multi_json 1.13.1
Fetching jbuilder 2.7.0
Installing jbuilder 2.7.0
Fetching rb-fsevent 0.10.3
Installing rb-fsevent 0.10.3
Fetching rb-inotify 0.9.10
Installing rb-inotify 0.9.10
Fetching ruby_dep 1.5.0
Installing ruby_dep 1.5.0
Fetching listen 3.1.5
Installing listen 3.1.5
Fetching pg 1.0.0
Installing pg 1.0.0 with native extensions
Fetching puma 3.11.4
Installing puma 3.11.4 with native extensions
Fetching sprockets 3.7.1
Installing sprockets 3.7.1
Fetching sprockets-rails 3.2.1
Installing sprockets-rails 3.2.1
Fetching rails 5.2.0
Installing rails 5.2.0
Fetching rubyzip 1.2.1
Installing rubyzip 1.2.1
Fetching sass-listen 4.0.0
Installing sass-listen 4.0.0
Fetching sass 3.5.6
Installing sass 3.5.6
Fetching tilt 2.0.8
Installing tilt 2.0.8
Fetching sass-rails 5.0.7
Installing sass-rails 5.0.7
Fetching selenium-webdriver 3.12.0
Installing selenium-webdriver 3.12.0
Fetching spring 2.0.2
Installing spring 2.0.2
Fetching spring-watcher-listen 2.0.1
Installing spring-watcher-listen 2.0.1
Fetching turbolinks-source 5.1.0
Installing turbolinks-source 5.1.0
Fetching turbolinks 5.1.1
Installing turbolinks 5.1.1
Fetching uglifier 4.1.11
Installing uglifier 4.1.11
Fetching web-console 3.6.2
Installing web-console 3.6.2
Bundle updated!
Gems in the group production were not installed.
ss@DEBIAN:~/rails_projects/osvita$ 

*/- 8.3
На всякий случай делаю ... может это и лишнее ...
ss@DEBIAN:~/rails_projects/osvita$ bundle install
Using rake 12.3.1
Using concurrent-ruby 1.0.5
Using i18n 1.0.1
Using minitest 5.11.3
Using thread_safe 0.3.6
Using tzinfo 1.2.5
Using activesupport 5.2.0
Using builder 3.2.3
Using erubi 1.7.1
Using mini_portile2 2.3.0
Using nokogiri 1.8.2
Using rails-dom-testing 2.0.3
Using crass 1.0.4
Using loofah 2.2.2
Using rails-html-sanitizer 1.0.4
Using actionview 5.2.0
Using rack 2.0.5
Using rack-test 1.0.0
Using actionpack 5.2.0
Using nio4r 2.3.1
Using websocket-extensions 0.1.3
Using websocket-driver 0.7.0
Using actioncable 5.2.0
Using globalid 0.4.1
Using activejob 5.2.0
Using mini_mime 1.0.0
Using mail 2.7.0
Using actionmailer 5.2.0
Using activemodel 5.2.0
Using arel 9.0.0
Using activerecord 5.2.0
Using mimemagic 0.3.2
Using marcel 0.3.2
Using activestorage 5.2.0
Using public_suffix 3.0.2
Using addressable 2.5.2
Using io-like 0.3.0
Using archive-zip 0.11.0
Using bindex 0.5.0
Using msgpack 1.2.4
Using bootsnap 1.3.0
Using bundler 1.16.2
Using byebug 10.0.2
Using xpath 3.1.0
Using capybara 3.2.1
Using ffi 1.9.25
Using childprocess 0.9.0
Using chromedriver-helper 1.2.0
Using coffee-script-source 1.12.2
Using execjs 2.7.0
Using coffee-script 2.4.1
Using method_source 0.9.0
Using thor 0.20.0
Using railties 5.2.0
Using coffee-rails 4.2.2
Using multi_json 1.13.1
Using jbuilder 2.7.0
Using rb-fsevent 0.10.3
Using rb-inotify 0.9.10
Using ruby_dep 1.5.0
Using listen 3.1.5
Using pg 1.0.0
Using puma 3.11.4
Using sprockets 3.7.1
Using sprockets-rails 3.2.1
Using rails 5.2.0
Using rubyzip 1.2.1
Using sass-listen 4.0.0
Using sass 3.5.6
Using tilt 2.0.8
Using sass-rails 5.0.7
Using selenium-webdriver 3.12.0
Using spring 2.0.2
Using spring-watcher-listen 2.0.1
Using turbolinks-source 5.1.0
Using turbolinks 5.1.1
Using uglifier 4.1.11
Using web-console 3.6.2
Bundle complete! 18 Gemfile dependencies, 78 gems now installed.
Gems in the group production were not installed.
Use `bundle info [gemname]` to see where a bundled gem is installed.

*/- 8.4
... и теперь инфо ВЫДАЕТ!!!!
ss@DEBIAN:~/rails_projects/osvita$ bundle info 'rails'
  * rails (5.2.0)
	Summary: Full-stack web application framework.
	Homepage: http://rubyonrails.org
	Path: /home/ss/.rvm/gems/ruby-2.4.1/gems/rails-5.2.0
ss@DEBIAN:~/rails_projects/osvita$ 

*/- 9.1
Теперь сервер запустился!!!!
причем - Puma!!!! (!?)

ss@DEBIAN:~/rails_projects/osvita$ rails server
=> Booting Puma
=> Rails 5.2.0 application starting in development 
=> Run `rails server -h` for more startup options
Puma starting in single mode...
* Version 3.11.4 (ruby 2.4.1-p111), codename: Love Song
* Min threads: 5, max threads: 5
* Environment: development
* Listening on tcp://0.0.0.0:3000
Use Ctrl-C to stop

*/- 9.2
В браузере запускаю http://localhost:3000/ - получаю ошибку:

PG::ConnectionBad
ВАЖНО: база данных "osvita_development" не существует

*/- 9.3
Соответственно п.2.2 hm-poisk9-180218(new-8) выполняю ...

ss@DEBIAN:~/rails_projects/osvita$ rake db:setup
Created database 'osvita_development'
Created database 'osvita_test'
/home/ss/rails_projects/osvita/db/schema.rb doesn't exist yet. Run `rails db:migrate` to create it, then try again. If you do not intend to use a database, you should instead alter /home/ss/rails_projects/osvita/config/application.rb to limit the frameworks that will be loaded.

ss@DEBIAN:~/rails_projects/osvita$ rake db:migrate
ss@DEBIAN:~/rails_projects/osvita$ 

*/- 9.4
Обновляю http://localhost:3000/ 
- ПОЛУЧАЮ СТАРТОВУЮ СТРАНИЦУ RAILS!!!!

*/- 10.1
Добавляю в 
/home/ss/rails_projects/osvita/.gitignore
из /poisk
недостающие строки;

*/- 10.2
Захожуа на https://github.com/SS-Gaj
и добавляю новый репозиторий /osvita;

*/- 10.3 коммит, пуш:

ss@DEBIAN:~/rails_projects/osvita$ git status
On branch master

Initial commit

Untracked files:
  (use "git add <file>..." to include in what will be committed)

	.gitignore
	.ruby-version
	Gemfile
	Gemfile.lock
	README.md
	Rakefile
	app/
	bin/
	config.ru
	config/
	lib/
	log/
	package.json
	public/
	test/
	tmp/
	vendor/

nothing added to commit but untracked files present (use "git add" to track)

ss@DEBIAN:~/rails_projects/osvita$ git add .
ss@DEBIAN:~/rails_projects/osvita$ git commit -m "master-1: start"
[master (root-commit) c055dc1] master-1: start
 77 files changed, 1239 insertions(+)
 create mode 100644 .gitignore
 create mode 100644 .ruby-version
 create mode 100644 Gemfile
 create mode 100644 Gemfile.lock
 create mode 100644 README.md
 create mode 100644 Rakefile
 create mode 100644 app/assets/config/manifest.js
 create mode 100644 app/assets/images/.keep
 create mode 100644 app/assets/javascripts/application.js
 create mode 100644 app/assets/javascripts/cable.js
 create mode 100644 app/assets/javascripts/channels/.keep
 create mode 100644 app/assets/stylesheets/application.css
 create mode 100644 app/channels/application_cable/channel.rb
 create mode 100644 app/channels/application_cable/connection.rb
 create mode 100644 app/controllers/application_controller.rb
 create mode 100644 app/controllers/concerns/.keep
 create mode 100644 app/helpers/application_helper.rb
 create mode 100644 app/jobs/application_job.rb
 create mode 100644 app/mailers/application_mailer.rb
 create mode 100644 app/models/application_record.rb
 create mode 100644 app/models/concerns/.keep
 create mode 100644 app/views/layouts/application.html.erb
 create mode 100644 app/views/layouts/mailer.html.erb
 create mode 100644 app/views/layouts/mailer.text.erb
 create mode 100755 bin/bundle
 create mode 100755 bin/rails
 create mode 100755 bin/rake
 create mode 100755 bin/setup
 create mode 100755 bin/spring
 create mode 100755 bin/update
 create mode 100755 bin/yarn
 create mode 100644 config.ru
 create mode 100644 config/application.rb
 create mode 100644 config/boot.rb
 create mode 100644 config/cable.yml
 create mode 100644 config/credentials.yml.enc
 create mode 100644 config/environment.rb
 create mode 100644 config/environments/development.rb
 create mode 100644 config/environments/production.rb
 create mode 100644 config/environments/test.rb
 create mode 100644 config/initializers/application_controller_renderer.rb
 create mode 100644 config/initializers/assets.rb
 create mode 100644 config/initializers/backtrace_silencers.rb
 create mode 100644 config/initializers/content_security_policy.rb
 create mode 100644 config/initializers/cookies_serializer.rb
 create mode 100644 config/initializers/filter_parameter_logging.rb
 create mode 100644 config/initializers/inflections.rb
 create mode 100644 config/initializers/mime_types.rb
 create mode 100644 config/initializers/wrap_parameters.rb
 create mode 100644 config/locales/en.yml
 create mode 100644 config/puma.rb
 create mode 100644 config/routes.rb
 create mode 100644 config/spring.rb
 create mode 100644 config/storage.yml
 create mode 100644 lib/assets/.keep
 create mode 100644 lib/tasks/.keep
 create mode 100644 log/.keep
 create mode 100644 package.json
 create mode 100644 public/404.html
 create mode 100644 public/422.html
 create mode 100644 public/500.html
 create mode 100644 public/apple-touch-icon-precomposed.png
 create mode 100644 public/apple-touch-icon.png
 create mode 100644 public/favicon.ico
 create mode 100644 public/robots.txt
 create mode 100644 test/application_system_test_case.rb
 create mode 100644 test/controllers/.keep
 create mode 100644 test/fixtures/.keep
 create mode 100644 test/fixtures/files/.keep
 create mode 100644 test/helpers/.keep
 create mode 100644 test/integration/.keep
 create mode 100644 test/mailers/.keep
 create mode 100644 test/models/.keep
 create mode 100644 test/system/.keep
 create mode 100644 test/test_helper.rb
 create mode 100644 tmp/.keep
 create mode 100644 vendor/.keep
ss
@DEBIAN:~/rails_projects/osvita$ git remote add origin https://github.com/SS-Gaj/osvita.git

ss@DEBIAN:~/rails_projects/osvita$ git push -u origin master
Username for 'https://github.com': SS-Gaj
Password for 'https://SS-Gaj@github.com': 
Counting objects: 84, done.
Delta compression using up to 4 threads.
Compressing objects: 100% (70/70), done.
Writing objects: 100% (84/84), 21.03 KiB | 0 bytes/s, done.
Total 84 (delta 2), reused 0 (delta 0)
remote: Resolving deltas: 100% (2/2), done.
To https://github.com/SS-Gaj/osvita.git
 * [new branch]      master -> master
Branch master set up to track remote branch master from origin.
ss@DEBIAN:~/rails_projects/osvita$ 

*/- 10.4
Надо было попробавать раскомментировать в Gemfile
#git_source(:github) { |repo| "https://github.com/#{repo}.git" }
- сделаю потом!!



