**** 2018.08.03 ****
Пред.файл srv-osvita13-180802(lprofile2) - [1]
[2] - /home/alex/Documents/Rails/Devise/2.1.github_devise.doc; 
[3] - /home/alex/Documents/Rails/Devise/Profile/1-toster.doc;

Здесь буду добавляю категорию в момент регистрации;

*/-1
Значит, я буду менять контроллер  /app/controllers/users/registrations_controller.rb,
а конкретно в нем - экшен def create;

Причем, я должен СОХРАНИТЬ имеющийся функционал,
и ДОБАВИТЬ свой код - это значит, что мне нужно использавать образец с подзаголовком
"Or you can simply add new behaviour to it:"
из "шага 4" в разделе "Configuring controllers" из [2];

Аналогично созданию Профиля в [1] (см.пп.1.3 - 1.8)
буду идти по ШАГам раздела "Configuring controllers" из [2];

*/- 1.1 шаг 1
1. Create your custom controllers using the generator which requires a scope:
$ rails generate devise:controllers [scope]

СДЕЛАНО - у меня есть /app/controllers/users/registrations_controller.rb;

*/- 1.2 шаг 2
2. Tell the router to use this controller:
Скажите маршрутизатору использовать этот контроллер:
devise_for :users, controllers: { sessions: 'users/sessions' }

ЯтП, что можно задать несколько контроллеров;
там используется хэш.
Попробую написать

devise_for :users, controllers: { sessions: 'users/sessions', registrations: 'users/registrations' }

Проверяю http://localhost:3000/rails/info/routes - ПОЛУЧИЛОСЬ!!!!

Теперь
cancel_user_registration_path 	GET 	(/:locale)/users/cancel(.:format) 	

users/registrations#cancel {:locale=>/en|ru/}
new_user_registration_path 	GET 	(/:locale)/users/sign_up(.:format) 	

users/registrations#new {:locale=>/en|ru/}
edit_user_registration_path 	GET 	(/:locale)/users/edit(.:format) 	

users/registrations#edit {:locale=>/en|ru/}
user_registration_path 	PATCH 	(/:locale)/users(.:format) 	

users/registrations#update {:locale=>/en|ru/}
	PUT 	(/:locale)/users(.:format) 	

users/registrations#update {:locale=>/en|ru/}
	DELETE 	(/:locale)/users(.:format) 	

users/registrations#destroy {:locale=>/en|ru/}
	POST 	(/:locale)/users(.:format) 	

users/registrations#create {:locale=>/en|ru/}

и также имеется 
new_user_session_path 	GET 	(/:locale)/users/sign_in(.:format) 	

users/sessions#new {:locale=>/en|ru/}
user_session_path 	POST 	(/:locale)/users/sign_in(.:format) 	

users/sessions#create {:locale=>/en|ru/}
destroy_user_session_path 	DELETE 	(/:locale)/users/sign_out(.:format) 	

users/sessions#destroy {:locale=>/en|ru/}

*/- 1.3 шаг 2
3. Сopy the views from devise/sessions to users/sessions. Since the controller was changed, it won't use the default views located in devise/sessions.

Мне не нужен вьюэр после регистрации.
Поэтому нужно посмотреть, что будет происходить;

*/- 1.4 шаг 4
4. Finally, change or extend the desired controller actions.

Это как раз то, о чем я поспешил сказать в п.1 выше.

Т.о., перехожу к подзаголовку "Or you can simply add new behaviour to it:"
с той разницей, что там рассматривается SessionsController,
а я работаю с RegistrationsController;

*/- 1.5
Опираясь на образец из [2]
class Users::SessionsController < Devise::SessionsController
  def create
    super do |resource|
      BackgroundWorker.trigger(resource)
    end
  end
end

и на образец из [3]
  def create
    super
    if resource.save
      resource.create_profile
    end
  end

для себя пишу
  def create
    super
    if @user.save
      @user.create_profile(category: "abytura")
    end
  end

Не уверен - надо ли 
@profile.save

Пока не буду указывать.

*/- 1.6
Раскомментирую
before_action :configure_sign_up_params, only: [:create]

*/- 1.7
... а также
  def configure_sign_up_params
    devise_parameter_sanitizer.permit(:sign_up, keys: [:category])
  end

где заменил ключ на нужный мне параметр :category

Вроде бы ВСЕ!!

*/- 1.8
Прежде, чем вводить нового юзера,
проверю, сколько их у меня (часть кода я удалил):

2.4.1 :003 > us = User.select("email")
2.4.1 :004 > us.each do |i|
2.4.1 :005 >     p i
2.4.1 :006?>   end
  User Load (0.8ms)  SELECT "users"."email" FROM "users"
#<User id: nil, email: "user02@gmail.com">
#<User id: nil, email: "user05@gmail.com">
#<User id: nil, email: "user04@gmail.com">
#<User id: nil, email: "sashagajdarenko@gmail.com">
#<User id: nil, email: "oo.kabas@gmail.com">
#<User id: nil, email: "gaydarenko@daplus.net.ua">
#<User id: nil, email: "user01@gmail.com">
#<User id: nil, email: "user03@gmail.com">
#<User id: nil, email: "oo.gaydar@gmail.com">

2.4.1 :008 > User.count
   (0.9ms)  SELECT COUNT(*) FROM "users"
 => 9 
2.4.1 :009 > 

*/- 1.9
Буду вводить
user06@gmail.com
yhn678

Вроде бы и прошло успешно,
но на "Профиль 2" выдало ошибку;

*/*- 2
Поищу в консоли, создался ли Профиль
2.4.1 :016 > Profile.count
   (0.8ms)  SELECT COUNT(*) FROM "profiles"
 => 9 
2.4.1 :017 > 

А User'ов ДО ТОГО было 9.
Значаит, не создался!

*/- 2.1
Допишу 
@profile.save
в экшен;

Но когда открыл файл контроллера, то обнаружил, 
что я не внес изменения, записанные в п.1.5 выше в def create !!

Записал, проверил - ВСЕ РАБОТАЕТ!!!!
Я записал нового user07@gmail.com с паролем ujm789

- процесс вышел на меню, как буд-то бы я сделал "Вход" для заРег Юзера;

Если после этого зайти на "Профиль 2",
то выводится Профиль только что заРег юзера!!!!
Пусть так и остается!!

*/- 2.2
коммит, пуш
alex@www:~/rails_projects/osvita$ git status
On branch profile2
Changes not staged for commit:
  (use "git add <file>..." to update what will be committed)
  (use "git checkout -- <file>..." to discard changes in working directory)

	modified:   app/controllers/users/registrations_controller.rb
	modified:   app/controllers/users/sessions_controller.rb
	modified:   app/views/layouts/_header.html.erb
	modified:   config/routes.rb

Untracked files:
  (use "git add <file>..." to include in what will be committed)

	app/views/users/

no changes added to commit (use "git add" and/or "git commit -a")
alex@www:~/rails_projects/osvita$ git add .
alex@www:~/rails_projects/osvita$ git commit -m "profile2-10srv: add category to Profile"
[profile2 1cabf0f] profile2-10srv: add category to Profile
 5 files changed, 62 insertions(+), 8 deletions(-)
 create mode 100644 app/views/users/sessions/show_profile.html.erb
alex@www:~/rails_projects/osvita$ git co master
Switched to branch 'master'
Your branch is ahead of 'origin/master' by 9 commits.
  (use "git push" to publish your local commits)
alex@www:~/rails_projects/osvita$ git merge profile2
Updating f7b3cb6..1cabf0f
Fast-forward
 app/controllers/users/registrations_controller.rb | 17 +++++++-----
 app/controllers/users/sessions_controller.rb      | 13 +++++++++
 app/views/layouts/_header.html.erb                |  1 +
 app/views/users/sessions/show_profile.html.erb    | 33 +++++++++++++++++++++++
 config/routes.rb                                  |  6 ++++-
 5 files changed, 62 insertions(+), 8 deletions(-)
 create mode 100644 app/views/users/sessions/show_profile.html.erb
alex@www:~/rails_projects/osvita$ git push https://github.com/SS-Gaj/osvita.git
Username for 'https://github.com': SS-Gaj
Password for 'https://SS-Gaj@github.com': 
remote: Invalid username or password.
fatal: Authentication failed for 'https://github.com/SS-Gaj/osvita.git/'
alex@www:~/rails_projects/osvita$ git push https://github.com/SS-Gaj/osvita.git
Username for 'https://github.com': SS-Gaj
Password for 'https://SS-Gaj@github.com': 
Counting objects: 15, done.
Delta compression using up to 2 threads.
Compressing objects: 100% (13/13), done.
Writing objects: 100% (15/15), 1.99 KiB | 0 bytes/s, done.
Total 15 (delta 9), reused 0 (delta 0)
remote: Resolving deltas: 100% (9/9), completed with 9 local objects.
To https://github.com/SS-Gaj/osvita.git
   f7b3cb6..1cabf0f  master -> master
alex@www:~/rails_projects/osvita$ 




