**** 2018.06.19 ****
Пред.файл 
[1] - srv-osvita4-180614(home-page);

См.также в папке /home/alex/Documents/Rails/Devise
[2] - 1.habr.doc;
[3] - 2.1.github_devise.doc;
[4] - ЮТ №12;

Здесь буду производить инсталляцию Devise = регистрацаия пользователей;

*/- 1.1
Делаю новую ветку:

alex@www:~/rails_projects/osvita$ git checkout -b devise
Switched to a new branch 'devise'

*/- 1.2
Раскомментирую в Gemfile строку ... 
(она была сразу после генерации; Раньше ее не было и она появилась только в Rails 5;
Я ее закоментировал, чтобы, в случае ошибок при запуске, было меньше вариантов;
К установке Devise это не имеет отношения)

git_source(:github) { |repo| "https://github.com/#{repo}.git" }

Проверяю - РАБОТАЕТ!!!!

alex@www:~/rails_projects/osvita$ bundle install
Using rake 12.3.1
Using concurrent-ruby 1.0.5
Using i18n 1.0.1
Using minitest 5.11.3
Using thread_safe 0.3.6
Using tzinfo 1.2.5
Using activesupport 5.2.0
Using builder 3.2.3
Using erubi 1.7.1
Using mini_portile2 2.3.0
Using nokogiri 1.8.2
Using rails-dom-testing 2.0.3
Using crass 1.0.4
Using loofah 2.2.2
Using rails-html-sanitizer 1.0.4
Using actionview 5.2.0
Using rack 2.0.5
Using rack-test 1.0.0
Using actionpack 5.2.0
Using nio4r 2.3.1
Using websocket-extensions 0.1.3
Using websocket-driver 0.7.0
Using actioncable 5.2.0
Using globalid 0.4.1
Using activejob 5.2.0
Using mini_mime 1.0.0
Using mail 2.7.0
Using actionmailer 5.2.0
Using activemodel 5.2.0
Using arel 9.0.0
Using activerecord 5.2.0
Using mimemagic 0.3.2
Using marcel 0.3.2
Using activestorage 5.2.0
Using public_suffix 3.0.2
Using addressable 2.5.2
Using io-like 0.3.0
Using archive-zip 0.11.0
Using execjs 2.7.0
Using autoprefixer-rails 8.6.2
Using bindex 0.5.0
Using msgpack 1.2.4
Using bootsnap 1.3.0
Using popper_js 1.12.9
Using rb-fsevent 0.10.3
Using ffi 1.9.25
Using rb-inotify 0.9.10
Using sass-listen 4.0.0
Using sass 3.5.6
Using bootstrap 4.1.1
Using bundler 1.16.2
Using byebug 10.0.2
Using xpath 3.1.0
Using capybara 3.2.1
Using childprocess 0.9.0
Using chromedriver-helper 1.2.0
Using coffee-script-source 1.12.2
Using coffee-script 2.4.1
Using method_source 0.9.0
Using thor 0.20.0
Using railties 5.2.0
Using coffee-rails 4.2.2
Using multi_json 1.13.1
Using jbuilder 2.7.0
Using jquery-rails 4.3.3
Using ruby_dep 1.5.0
Using listen 3.1.5
Using pg 1.0.0
Using puma 3.11.4
Using sprockets 3.7.1
Using sprockets-rails 3.2.1
Using rails 5.2.0
Using rubyzip 1.2.1
Using tilt 2.0.8
Using sass-rails 5.0.7
Using selenium-webdriver 3.12.0
Using spring 2.0.2
Using spring-watcher-listen 2.0.1
Using turbolinks-source 5.1.0
Using turbolinks 5.1.1
Using uglifier 4.1.11
Using web-console 3.6.2
Bundle complete! 21 Gemfile dependencies, 82 gems now installed.
Use `bundle info [gemname]` to see where a bundled gem is installed.
alex@www:~/rails_projects/osvita$ 

*/- 2.1
Добавляю в Gemfile
gem 'devise'

*/- 2.2
alex@www:~/rails_projects/osvita$ bundle install
The dependency tzinfo-data (>= 0) will be unused by any of the platforms Bundler is installing for. Bundler is installing for ruby but the dependency is only for x86-mingw32, x86-mswin32, x64-mingw32, java. To add those platforms to the bundle, run `bundle lock --add-platform x86-mingw32 x86-mswin32 x64-mingw32 java`.
Fetching gem metadata from https://rubygems.org/.........
Fetching gem metadata from https://rubygems.org/.
Resolving dependencies....
Using rake 12.3.1
Using concurrent-ruby 1.0.5
Using i18n 1.0.1
Using minitest 5.11.3
Using thread_safe 0.3.6
Using tzinfo 1.2.5
Using activesupport 5.2.0
Using builder 3.2.3
Using erubi 1.7.1
Using mini_portile2 2.3.0
Using nokogiri 1.8.2
Using rails-dom-testing 2.0.3
Using crass 1.0.4
Using loofah 2.2.2
Using rails-html-sanitizer 1.0.4
Using actionview 5.2.0
Using rack 2.0.5
Using rack-test 1.0.0
Using actionpack 5.2.0
Using nio4r 2.3.1
Using websocket-extensions 0.1.3
Using websocket-driver 0.7.0
Using actioncable 5.2.0
Using globalid 0.4.1
Using activejob 5.2.0
Using mini_mime 1.0.0
Using mail 2.7.0
Using actionmailer 5.2.0
Using activemodel 5.2.0
Using arel 9.0.0
Using activerecord 5.2.0
Using mimemagic 0.3.2
Using marcel 0.3.2
Using activestorage 5.2.0
Using public_suffix 3.0.2
Using addressable 2.5.2
Using io-like 0.3.0
Using archive-zip 0.11.0
Using execjs 2.7.0
Using autoprefixer-rails 8.6.2
Fetching bcrypt 3.1.12
Installing bcrypt 3.1.12 with native extensions
Using bindex 0.5.0
Using msgpack 1.2.4
Using bootsnap 1.3.0
Using popper_js 1.12.9
Using rb-fsevent 0.10.3
Using ffi 1.9.25
Using rb-inotify 0.9.10
Using sass-listen 4.0.0
Using sass 3.5.6
Using bootstrap 4.1.1
Using bundler 1.16.2
Using byebug 10.0.2
Using xpath 3.1.0
Using capybara 3.2.1
Using childprocess 0.9.0
Using chromedriver-helper 1.2.0
Using coffee-script-source 1.12.2
Using coffee-script 2.4.1
Using method_source 0.9.0
Using thor 0.20.0
Using railties 5.2.0
Using coffee-rails 4.2.2
Fetching orm_adapter 0.5.0
Installing orm_adapter 0.5.0
Fetching responders 2.4.0
Installing responders 2.4.0
Fetching warden 1.2.7
Installing warden 1.2.7
Fetching devise 4.4.3
Installing devise 4.4.3
Using multi_json 1.13.1
Using jbuilder 2.7.0
Using jquery-rails 4.3.3
Using ruby_dep 1.5.0
Using listen 3.1.5
Using pg 1.0.0
Using puma 3.11.4
Using sprockets 3.7.1
Using sprockets-rails 3.2.1
Using rails 5.2.0
Using rubyzip 1.2.1
Using tilt 2.0.8
Using sass-rails 5.0.7
Using selenium-webdriver 3.12.0
Using spring 2.0.2
Using spring-watcher-listen 2.0.1
Using turbolinks-source 5.1.0
Using turbolinks 5.1.1
Using uglifier 4.1.11
Using web-console 3.6.2
Bundle complete! 22 Gemfile dependencies, 87 gems now installed.
Use `bundle info [gemname]` to see where a bundled gem is installed.
alex@www:~/rails_projects/osvita$ 

*/- 2.3
alex@www:~/rails_projects/osvita$ git branch
* devise
  master
alex@www:~/rails_projects/osvita$ rails generate devise:install
Running via Spring preloader in process 3528
      create  config/initializers/devise.rb
      create  config/locales/devise.en.yml
===============================================================================

Some setup you must do manually if you haven't yet:

  1. Ensure you have defined default url options in your environments files. Here
     is an example of default_url_options appropriate for a development environment
     in config/environments/development.rb:

       config.action_mailer.default_url_options = { host: 'localhost', port: 3000 }

     In production, :host should be set to the actual host of your application.

  2. Ensure you have defined root_url to *something* in your config/routes.rb.
     For example:

       root to: "home#index"

  3. Ensure you have flash messages in app/views/layouts/application.html.erb.
     For example:

       <p class="notice"><%= notice %></p>
       <p class="alert"><%= alert %></p>

  4. You can copy Devise views (for customization) to your app by running:

       rails g devise:views

===============================================================================
alex@www:~/rails_projects/osvita$ 

*/- 2.4 (шаг 3.1 по [2])
В файл 
config/environments/development.rb
добавляю
config.action_mailer.default_url_options = { host: 'localhost', port: 3000 }

*/- 2.5
Затем, согласно рекомендациям [3],
в этой точке я смотрю на параметры подключения модулей - файл ../config/initializers/devise.rb
и копирую его в ../Documents/my_projects/osvita/devise.rb,
кое-что перевожу,
но ничего не меняю; + см.п.2.16 ниже;

*/- 2.6 (шаг 3.2 по [2])
Теперь нужно добавить в /config/routes.rb
root 'home#index'
а у меня это
root 'welcome#index'

Запускаю сервер, проверяю - РАБОТАЕТ!!!!

*/- 2.7
Перенаправление из этой точки на профиль пользователя
get 'persons/profile', as: 'user_root'
  пока не делаю

*/- 2.8 (шаг 3.3 по [2])
В это точке добавляются классы к flesh;
Это я пока пропускаю, поскольку у меня и вывода-то flesh нет;

*/- 2.9 (шаг 3.4 по [2])
Здесь упоминается Heroku,
но в случае Rails 3.2;
Поскольку у меня Rails 5,
то я надеюсь, что для него уже все заточено, и эту директиву указывать не нужно;

*/- 2.10 (шаг 3.5 по [2])
По [2] теперь извлекаются вьюхи,
но пока я не планирую их менять, поэтому шаг 3.5 пропускаю;

*/- 2.11 (шаг 4 по [2])
Генерация модели:

alex@www:~/rails_projects/osvita$ rails generate devise User
Running via Spring preloader in process 4517
      invoke  active_record
      create    db/migrate/20180619142722_devise_create_users.rb
      create    app/models/user.rb
      invoke    test_unit
      create      test/models/user_test.rb
      create      test/fixtures/users.yml
      insert    app/models/user.rb
       route  devise_for :users

*/- 2.12 (этого нет в [2], но есть в [3] и на ЮТ)
Смотрю на файл модели:

alex@www:~/rails_projects/osvita$ cat /home/alex/rails_projects/osvita/app/models/user.rb
class User < ApplicationRecord
  # Include default devise modules. Others available are:
  # :confirmable, :lockable, :timeoutable and :omniauthable
  devise :database_authenticatable, :registerable,
         :recoverable, :rememberable, :trackable, :validatablem,
	 :confirmable, :lockable, :timeoutable
end

По умолчанию не включены 4 модуля;
Я включу 3 из них - за исключением входа через соц.сети = :omniauthable;


*/- 2.13 (этого нет в [2], но есть в [3] и на ЮТ)
Перехожу в /osvita/db/migrate/20180619142722_devise_create_users.rb
и привожу его в соответствие изменениям в /app/models/user.rb;

Было так:
alex@www:~/rails_projects/osvita$ cat /home/alex/rails_projects/osvita/db/migrate/20180619142722_devise_create_users.rb
# frozen_string_literal: true

class DeviseCreateUsers < ActiveRecord::Migration[5.2]
  def change
    create_table :users do |t|
      ## Database authenticatable
      t.string :email,              null: false, default: ""
      t.string :encrypted_password, null: false, default: ""

      ## Recoverable
      t.string   :reset_password_token
      t.datetime :reset_password_sent_at

      ## Rememberable
      t.datetime :remember_created_at

      ## Trackable
      t.integer  :sign_in_count, default: 0, null: false
      t.datetime :current_sign_in_at
      t.datetime :last_sign_in_at
      t.inet     :current_sign_in_ip
      t.inet     :last_sign_in_ip

      ## Confirmable
      # t.string   :confirmation_token
      # t.datetime :confirmed_at
      # t.datetime :confirmation_sent_at
      # t.string   :unconfirmed_email # Only if using reconfirmable

      ## Lockable
      # t.integer  :failed_attempts, default: 0, null: false # Only if lock strategy is :failed_attempts
      # t.string   :unlock_token # Only if unlock strategy is :email or :both
      # t.datetime :locked_at


      t.timestamps null: false
    end

    add_index :users, :email,                unique: true
    add_index :users, :reset_password_token, unique: true
    # add_index :users, :confirmation_token,   unique: true
    # add_index :users, :unlock_token,         unique: true
  end
end
alex@www:~/rails_projects/osvita$ 

*/- 2.14
ЯтД, что нужно убрать комментарии из тех модудей, которые были включены:

## Confirmable

## Lockable

а также индексов, которые их касаются 
    # add_index :users, :confirmation_token,   unique: true
    # add_index :users, :unlock_token,         unique: true

(я ориентируюсь по :confirmation... и :unlock...)

Получается, что я раскомм.ВСЕ!!

*/- 2.15 (шаг 5 по [2])
Запускаю миграцию,
но мне выдало ошибку!!

alex@www:~/rails_projects/osvita$ rake db:migrate
rake aborted!
Devise.secret_key was not set. Please add the following to your Devise initializer:

  config.secret_key = '69fdb1238f2cb72478ef964cd69f4273b47318216af87169db16093a46593827df07ecf48c9327f9f07fa9f4efe1de143254f255b4bd9b87381dda9fc5c2eccf'

Please ensure you restarted your application after installing Devise or setting the key.

*/- 2.16
Перехожу в /osvita/config/initializers/devise.rb
но там другой ключ!!
config.secret_key = '17e4ee644327fc224e0a46a526044d390d7b500a87af5a2a2732c7b9be23bb06fd33bc369205bfa079536bdf6dafe7ef6b29c0a6f2a297264d29fc3a1a5137bc'
  
Ладно, укажу здесь тот ключ, который вылез при миграции(??)

*/- 2.17
Запускаю повторно - ПРОШЛО!!!!
alex@www:~/rails_projects/osvita$ rake db:migrate
== 20180619142722 DeviseCreateUsers: migrating ================================
-- create_table(:users)
   -> 0.4060s
-- add_index(:users, :email, {:unique=>true})
   -> 0.0836s
-- add_index(:users, :reset_password_token, {:unique=>true})
   -> 0.0250s
-- add_index(:users, :confirmation_token, {:unique=>true})
   -> 0.0335s
-- add_index(:users, :unlock_token, {:unique=>true})
   -> 0.0418s
== 20180619142722 DeviseCreateUsers: migrated (0.5905s) =======================

alex@www:~/rails_projects/osvita$ 

*/- 2.18
Соответственно ЮТ 12:45 проверяю маршруты:

alex@www:~/rails_projects/osvita$ cat /home/alex/rails_projects/osvita/config/routes.rb
Rails.application.routes.draw do
  devise_for :users
  root 'welcome#index'
  get 'welcome/index'
  # For details on the DSL available within this file, see http://guides.rubyonrails.org/routing.html
end
alex@www:~/rails_projects/osvita$ 

*/- 2.19
... и вывожу их (ВСЕ, не только Devise)
alex@www:~/rails_projects/osvita$ rails routes
                   Prefix Verb   URI Pattern                                                                              Controller#Action
         new_user_session GET    /users/sign_in(.:format)                                                                 devise/sessions#new
             user_session POST   /users/sign_in(.:format)                                                                 devise/sessions#create
     destroy_user_session DELETE /users/sign_out(.:format)                                                                devise/sessions#destroy
        new_user_password GET    /users/password/new(.:format)                                                            devise/passwords#new
       edit_user_password GET    /users/password/edit(.:format)                                                           devise/passwords#edit
            user_password PATCH  /users/password(.:format)                                                                devise/passwords#update
                          PUT    /users/password(.:format)                                                                devise/passwords#update
                          POST   /users/password(.:format)                                                                devise/passwords#create
 cancel_user_registration GET    /users/cancel(.:format)                                                                  devise/registrations#cancel
    new_user_registration GET    /users/sign_up(.:format)                                                                 devise/registrations#new
   edit_user_registration GET    /users/edit(.:format)                                                                    devise/registrations#edit
        user_registration PATCH  /users(.:format)                                                                         devise/registrations#update
                          PUT    /users(.:format)                                                                         devise/registrations#update
                          DELETE /users(.:format)                                                                         devise/registrations#destroy
                          POST   /users(.:format)                                                                         devise/registrations#create
    new_user_confirmation GET    /users/confirmation/new(.:format)                                                        devise/confirmations#new
        user_confirmation GET    /users/confirmation(.:format)                                                            devise/confirmations#show
                          POST   /users/confirmation(.:format)                                                            devise/confirmations#create
          new_user_unlock GET    /users/unlock/new(.:format)                                                              devise/unlocks#new
              user_unlock GET    /users/unlock(.:format)                                                                  devise/unlocks#show
                          POST   /users/unlock(.:format)                                                                  devise/unlocks#create
                     root GET    /                                                                                        welcome#index
            welcome_index GET    /welcome/index(.:format)                                                                 welcome#index
       rails_service_blob GET    /rails/active_storage/blobs/:signed_id/*filename(.:format)                               active_storage/blobs#show
rails_blob_representation GET    /rails/active_storage/representations/:signed_blob_id/:variation_key/*filename(.:format) active_storage/representations#show
       rails_disk_service GET    /rails/active_storage/disk/:encoded_key/*filename(.:format)                              active_storage/disk#show
update_rails_disk_service PUT    /rails/active_storage/disk/:encoded_token(.:format)                                      active_storage/disk#update
     rails_direct_uploads POST   /rails/active_storage/direct_uploads(.:format)                                           active_storage/direct_uploads#create
alex@www:~/rails_projects/osvita$ 

*/- 3
Подошло время подключить кнопку "Вход / Регистрация" в Главное меню!!

*/- 3.1
Предварительно сохраню имеющийся ../app/views/layouts/_header.html.erb;
назову 2_header.html.erb;
а в _header.html.erb внесу такие изменения:

*/- 3.2
Удаляю блок "Поиск":
        <form class="form-inline my-2 my-lg-0">
          <input class="form-control mr-sm-2" type="text" placeholder="Search" aria-label="Search">
          <button class="btn btn-outline-success my-2 my-sm-0" type="submit">Поиск</button>
        </form>
Обновляю браузер - ИСЧЕЗЛО!!!!

*/- 3.3
Удаляю Help и Dropdown
          <li class="nav-item">
            <a class="nav-link disabled" href="#">Help</a>
          </li>
          <li class="nav-item dropdown">
            <a class="nav-link dropdown-toggle" href="https://example.com" id="dropdown01" data-toggle="dropdown" aria-haspopup="true" aria-expanded="false">Dropdown</a>
            <div class="dropdown-menu" aria-labelledby="dropdown01">
              <a class="dropdown-item" href="#">Action</a>
              <a class="dropdown-item" href="#">Another action</a>
              <a class="dropdown-item" href="#">Something else here</a>
            </div>
          </li>

*/- 3.4
Копирую Вход /регистрация (теперь их два)
          <li class="nav-item">
            <a class="nav-link" href="#">Вход /регистрация</a>
          </li>

*/- 3.5
... а затем в 1-м оставляю "Вход",
а во 2-м - "Регистрация";

*/- 3.7
Затем соотв.13:30 ЮТ №12 
к этим кнопкам привинчиваю маршруты:

new_user_session_path для "Вход"
new_user_registration_path для "Регистрации"

Обновляю - ПОЛУЧАЕТСЯ!!!!

*/- 3.8
"Регистрации" себя:
oo.gaydar@gmail.com
iamadmin1

- вроде бы ЗАПИСАЛОСЬ!!!!
т.к. при следующем "Вход" в полях были мои данные


*/- 3.8
В этом месте и на ЮТ,
и в [2], шаг 7,
проверяется - пользователь уже вошел или нет, и от этого менявется меню.
Логика и там, и там одинаковая - пишу... но что-то не так (?)

<% if user_signed_in? %>
          <li class="nav-item">
<%= link_to 'Выйти', destroy_user_session_path, :method => :delete, class: "nav-link" %>
          </li>
<% else %>
          <li class="nav-item">
            <a class="nav-link" href="<%= new_user_session_path %>">Вход</a>
          </li>
          <li class="nav-item">
            <a class="nav-link" href="<%= new_user_registration_path %>">Регистрация</a>
          </li>
<% end %>



*/- 4.1
Поскольку вьюэры придется менять, то выполню ...

alex@www:~/rails_projects/osvita$ rails generate devise:views
Running via Spring preloader in process 5814
      invoke  Devise::Generators::SharedViewsGenerator
      create    app/views/devise/shared
      create    app/views/devise/shared/_links.html.erb
      invoke  form_for
      create    app/views/devise/confirmations
      create    app/views/devise/confirmations/new.html.erb
      create    app/views/devise/passwords
      create    app/views/devise/passwords/edit.html.erb
      create    app/views/devise/passwords/new.html.erb
      create    app/views/devise/registrations
      create    app/views/devise/registrations/edit.html.erb
      create    app/views/devise/registrations/new.html.erb
      create    app/views/devise/sessions
      create    app/views/devise/sessions/new.html.erb
      create    app/views/devise/unlocks
      create    app/views/devise/unlocks/new.html.erb
      invoke  erb
      create    app/views/devise/mailer
      create    app/views/devise/mailer/confirmation_instructions.html.erb
      create    app/views/devise/mailer/email_changed.html.erb
      create    app/views/devise/mailer/password_change.html.erb
      create    app/views/devise/mailer/reset_password_instructions.html.erb
      create    app/views/devise/mailer/unlock_instructions.html.erb
alex@www:~/rails_projects/osvita$ 


*/- 4.2
Меняю заголовки:
в 
../osvita/app/views/devise/sessions/new.html.erb
'Log in' на 'Вход';

в 
../osvita/app/views/devise/registrations/new.html.erb
'Sign up' на 'Регистрация';

*/- 5 коммит, пуш
alex@www:~/rails_projects/osvita$ git branch
* devise
  master
alex@www:~/rails_projects/osvita$ git status
On branch devise
Changes not staged for commit:
  (use "git add <file>..." to update what will be committed)
  (use "git checkout -- <file>..." to discard changes in working directory)

	modified:   Gemfile
	modified:   Gemfile.lock
	modified:   app/views/layouts/_header.html.erb
	modified:   config/environments/development.rb
	modified:   config/routes.rb

Untracked files:
  (use "git add <file>..." to include in what will be committed)

	app/models/user.rb
	app/views/devise/
	app/views/layouts/2_header.html.erb
	config/initializers/devise.rb
	config/locales/devise.en.yml
	db/
	test/fixtures/users.yml
	test/models/user_test.rb

no changes added to commit (use "git add" and/or "git commit -a")
alex@www:~/rails_projects/osvita$ git add .
alex@www:~/rails_projects/osvita$ git commit -m "devise-1srv: devise install"
[devise d289c92] devise-1srv: devise install
 Committer: alex <alex@www>
Your name and email address were configured automatically based
on your username and hostname. Please check that they are accurate.
You can suppress this message by setting them explicitly:

    git config --global user.name "Your Name"
    git config --global user.email you@example.com

After doing this, you may fix the identity used for this commit with:

    git commit --amend --reset-author

 25 files changed, 703 insertions(+), 15 deletions(-)
 create mode 100644 app/models/user.rb
 create mode 100644 app/views/devise/confirmations/new.html.erb
 create mode 100644 app/views/devise/mailer/confirmation_instructions.html.erb
 create mode 100644 app/views/devise/mailer/email_changed.html.erb
 create mode 100644 app/views/devise/mailer/password_change.html.erb
 create mode 100644 app/views/devise/mailer/reset_password_instructions.html.erb
 create mode 100644 app/views/devise/mailer/unlock_instructions.html.erb
 create mode 100644 app/views/devise/passwords/edit.html.erb
 create mode 100644 app/views/devise/passwords/new.html.erb
 create mode 100644 app/views/devise/registrations/edit.html.erb
 create mode 100644 app/views/devise/registrations/new.html.erb
 create mode 100644 app/views/devise/sessions/new.html.erb
 create mode 100644 app/views/devise/shared/_links.html.erb
 create mode 100644 app/views/devise/unlocks/new.html.erb
 create mode 100644 app/views/layouts/2_header.html.erb
 create mode 100644 config/initializers/devise.rb
 create mode 100644 config/locales/devise.en.yml
 create mode 100644 db/migrate/20180619142722_devise_create_users.rb
 create mode 100644 test/fixtures/users.yml
 create mode 100644 test/models/user_test.rb
alex@www:~/rails_projects/osvita$ git checkout master
Switched to branch 'master'
Your branch is ahead of 'origin/master' by 1 commit.
  (use "git push" to publish your local commits)
alex@www:~/rails_projects/osvita$ git marge devise
git: 'marge' is not a git command. See 'git --help'.

Did you mean this?
	merge
alex@www:~/rails_projects/osvita$ git merge devise
Updating f9796ba..d289c92
Fast-forward
 Gemfile                                            |   3 +-
 Gemfile.lock                                       |  14 +
 app/models/user.rb                                 |   7 +
 app/views/devise/confirmations/new.html.erb        |  16 ++
 .../mailer/confirmation_instructions.html.erb      |   5 +
 app/views/devise/mailer/email_changed.html.erb     |   7 +
 app/views/devise/mailer/password_change.html.erb   |   3 +
 .../mailer/reset_password_instructions.html.erb    |   8 +
 .../devise/mailer/unlock_instructions.html.erb     |   7 +
 app/views/devise/passwords/edit.html.erb           |  25 ++
 app/views/devise/passwords/new.html.erb            |  16 ++
 app/views/devise/registrations/edit.html.erb       |  43 ++++
 app/views/devise/registrations/new.html.erb        |  29 +++
 app/views/devise/sessions/new.html.erb             |  26 ++
 app/views/devise/shared/_links.html.erb            |  25 ++
 app/views/devise/unlocks/new.html.erb              |  16 ++
 app/views/layouts/2_header.html.erb                |  32 +++
 app/views/layouts/_header.html.erb                 |  22 +-
 config/environments/development.rb                 |   3 +
 config/initializers/devise.rb                      | 283 +++++++++++++++++++++
 config/locales/devise.en.yml                       |  64 +++++
 config/routes.rb                                   |   2 +
 db/migrate/20180619142722_devise_create_users.rb   |  44 ++++
 test/fixtures/users.yml                            |  11 +
 test/models/user_test.rb                           |   7 +
 25 files changed, 703 insertions(+), 15 deletions(-)
 create mode 100644 app/models/user.rb
 create mode 100644 app/views/devise/confirmations/new.html.erb
 create mode 100644 app/views/devise/mailer/confirmation_instructions.html.erb
 create mode 100644 app/views/devise/mailer/email_changed.html.erb
 create mode 100644 app/views/devise/mailer/password_change.html.erb
 create mode 100644 app/views/devise/mailer/reset_password_instructions.html.erb
 create mode 100644 app/views/devise/mailer/unlock_instructions.html.erb
 create mode 100644 app/views/devise/passwords/edit.html.erb
 create mode 100644 app/views/devise/passwords/new.html.erb
 create mode 100644 app/views/devise/registrations/edit.html.erb
 create mode 100644 app/views/devise/registrations/new.html.erb
 create mode 100644 app/views/devise/sessions/new.html.erb
 create mode 100644 app/views/devise/shared/_links.html.erb
 create mode 100644 app/views/devise/unlocks/new.html.erb
 create mode 100644 app/views/layouts/2_header.html.erb
 create mode 100644 config/initializers/devise.rb
 create mode 100644 config/locales/devise.en.yml
 create mode 100644 db/migrate/20180619142722_devise_create_users.rb
 create mode 100644 test/fixtures/users.yml
 create mode 100644 test/models/user_test.rb
alex@www:~/rails_projects/osvita$ git push https://github.com/SS-Gaj/osvita.git
warning: push.default is unset; its implicit value has changed in
Git 2.0 from 'matching' to 'simple'. To squelch this message
and maintain the traditional behavior, use:

  git config --global push.default matching

To squelch this message and adopt the new behavior now, use:

  git config --global push.default simple

When push.default is set to 'matching', git will push local branches
to the remote branches that already exist with the same name.

Since Git 2.0, Git defaults to the more conservative 'simple'
behavior, which only pushes the current branch to the corresponding
remote branch that 'git pull' uses to update the current branch.

See 'git help config' and search for 'push.default' for further information.
(the 'simple' mode was introduced in Git 1.7.11. Use the similar mode
'current' instead of 'simple' if you sometimes use older versions of Git)

Username for 'https://github.com': SS-Gaj
Password for 'https://SS-Gaj@github.com': 
Counting objects: 47, done.
Delta compression using up to 2 threads.
Compressing objects: 100% (42/42), done.
Writing objects: 100% (47/47), 13.14 KiB | 0 bytes/s, done.
Total 47 (delta 16), reused 0 (delta 0)
remote: Resolving deltas: 100% (16/16), completed with 11 local objects.
To https://github.com/SS-Gaj/osvita.git
   f9796ba..d289c92  master -> master
alex@www:~/rails_projects/osvita$ 

*/- 6
Похоже,
что введенный мною в п.3/8
пользователь не сохранился;

Буду разбираться - см.srv-osvita6-180620(devise2)
