**** 2018.06.22 ****
**//- пер = "перевод"
**//- комм = "комментарии"
Пред.файл 
[1] - srv-osvita6-180620(devise2);

см.также
[2] - http://rusrails.ru/action-mailer-basics
      "Основы Action Mailer"
      
В этом файле буду делать натройку Mail'ера

*/- 1.1
alex@www:~/rails_projects/osvita$ git branch
* devise
  master

*/- 2
Сначала просмотрю логин:
../osvita/log/development.log

*/- 2.1
При регистрации oo.gaydar@gmail.com


Devise::Mailer#confirmation_instructions: processed outbound mail in 1823.4ms
Sent mail to oo.gaydar@gmail.com (373.5ms)
Date: Tue, 19 Jun 2018 18:53:43 +0300
From: please-change-me-at-config-initializers-devise@example.com
Reply-To: please-change-me-at-config-initializers-devise@example.com
To: oo.gaydar@gmail.com
Message-ID: <5b2927071f674_150922a75b8334d8@www.mail>
Subject: Confirmation instructions
Mime-Version: 1.0
Content-Type: text/html;
 charset=UTF-8
Content-Transfer-Encoding: 7bit

<p>Welcome oo.gaydar@gmail.com!</p>

<p>You can confirm your account email through the link below:</p>

<p><a href="http://localhost:3000/users/confirmation?confirmation_token=ZCknyehPxx_1NpEpQjPe">Confirm my account</a></p>

Redirected to http://localhost:3000/
Completed 302 Found in 3061ms (ActiveRecord: 29.3ms)


*/- 2.2
Started GET "/" for 127.0.0.1 at 2018-06-19 18:53:43 +0300
Processing by WelcomeController#index as HTML


*/- 2.3
Started GET "/users/sign_in" for 127.0.0.1 at 2018-06-19 18:54:30 +0300
Processing by Devise::SessionsController#new as HTML
...
Completed 200 OK in 131ms (Views: 112.4ms | ActiveRecord: 0.0ms)



*/- 2.4

Started POST "/users/sign_in" for 127.0.0.1 at 2018-06-19 18:54:43 +0300
Processing by Devise::SessionsController#create as HTML
  Parameters: {"utf8"=>"✓", "authenticity_token"=>"H+cMqogCR9hmUCGbDpxU3O/s9OPHLpy0E0/HO5WEs79t+TRGCQvhwkKVw/32J4bpBxWKMzX8a8fkv31VXzXjvA==", "user"=>{"email"=>"oo.gaydar@gmail.com", "password"=>"[FILTERED]", "remember_me"=>"1"}, "commit"=>"Log in"}
 ...
 
 Completed 401 Unauthorized in 443ms (ActiveRecord: 3.8ms)



*/- 3.1

Devise::Mailer#confirmation_instructions: processed outbound mail in 133.7ms
Sent mail to user01@gmail.com (140.3ms)
Date: Wed, 20 Jun 2018 17:52:21 +0300
From: please-change-me-at-config-initializers-devise@example.com
Reply-To: please-change-me-at-config-initializers-devise@example.com
To: user01@gmail.com
Message-ID: <5b2a6a25a28de_3a0126b8a6c10324@www.mail>
Subject: Confirmation instructions
Mime-Version: 1.0
Content-Type: text/html;
 charset=UTF-8
Content-Transfer-Encoding: 7bit

<p>Welcome user01@gmail.com!</p>

<p>You can confirm your account email through the link below:</p>

<p><a href="http://localhost:3000/users/confirmation?confirmation_token=J3_1tf2k95JvTXjHm5kz">Confirm my account</a></p>

Redirected to http://localhost:3000/
Completed 302 Found in 1260ms (ActiveRecord: 13.3ms)

*/- 3.2
Started GET "/" for 127.0.0.1 at 2018-06-20 17:52:21 +0300
Processing by WelcomeController#index as HTML
...

Completed 200 OK in 90ms (Views: 86.2ms | ActiveRecord: 0.0ms)


*/- 3.3
В этом месте я отклонился в сторону,
чтобы разместить на Heroku сделанную ранее часть Приложения /osvita$
- см.файлы
 hm-osvita8-180626(heroku) - srv-osvita8-180626(heroku);

*/- 3.4
Возвращаюсь к этой ветке после отклонения по п.3.3 выше;

*/- 4
Обсудил с Маратом.
Он сказал, что 
- в моем Приложении д.б. настройки почтового сервера;
- ... в общем случае - и для отправления (SMTP),
- ... и для получения (POP3);

*/- 4.1 в API Rails я нашел  
в разделе "Action Mailer Basics"

"6.2 Action Mailer Configuration for Gmail"

As Action Mailer now uses the Mail gem, this becomes as simple as adding to your config/environments/$RAILS_ENV.rb file:
config.action_mailer.delivery_method = :smtp
config.action_mailer.smtp_settings = {
  address:              'smtp.gmail.com',
  port:                 587,
  domain:               'example.com',
  user_name:            '<username>',
  password:             '<password>',
  authentication:       'plain',
  enable_starttls_auto: true }

*/- 4.2
Марат дал мне данные для нашей почты:

config.action_mailer.delivery_method = :smtp
config.action_mailer.smtp_settings = {
  address:              'mail.daplus.net.ua',
  port:                 2525,
  domain:               'daplus.net.ua',
  user_name:            'gaydarenko@daplus.net.ua',
  password:             '1qaz2wsx',
  authentication:       'plain',
  enable_starttls_auto: true }

*/- 4.3
ЯтД, что
config/environments/$RAILS_ENV.rb
- это ../osvita/config/environments/development.rb

Тем  более, что там имеется строка
# config.action_mailer.delivery_method = :letter_opener

для перехвата,
а в нашей конфигурации - это указанная выше
config.action_mailer.delivery_method = :smtp

Поэтому, вставляю весь Маратов блок  в файл /config/environments/development.rb

*/- 4.4
Обновляюсь,
Регистрирую нового пользователя 
gaydarenko@daplus.net.ua
osvita

На экране выводит
"A message with a confirmation link has been sent to your email address. Please follow the link to activate your account."

- но на мою почту пока ничего так и не пришло((

Надо подробнее изучить
http://rusrails.ru/action-mailer-basics
и
http://guides.rubyonrails.org/action_mailer_basics.html

**** 2018.06.29 ****
*/- 4.5
Прочитал достаточно много о Мейлере в док-и Rails -
см./home/alex/Documents/Rails/Mailer/Mailers_rusrails.doc;

*/- 5
Дополнительно родилась мысль убрать модуль подтверждения из Devise;
Пока еще не Гуглил такой запрос,

но "со своей стороны" я подумал, 
что было бы лучше управлять этим внутри контроллера:
- закоментировать "что надо",
- разобраться с почтой, а за это время работать без регистрации,
- а затем раскомментировать;
Попробую...

*/- 5.1
Читаю, как "достать изнутри" контроллеры Devise:
- см.раздел "Configuring controllers"
части "Getting started"
док-и https://github.com/plataformatec/devise\

*/- 5.2
В предположении,
что такой вопрос у кого то возникал,
прошел по ссылкам
1)
https://github.com/plataformatec/devise/wiki
2)
"How-To" Articles - 128 articles and growing!
3)
How To: Add :confirmable to Users

... где в последнем разделе "Allowing Unconfirmed Access" (=Разрешение неподтвержденного доступа)
приведено 2 варианта:

1-й вар = установить "льготный период", когда пользователь может входить в систему без подтверждения;
  Период задается в днях:
  # in Devise Initializer
config.allow_unconfirmed_access_for = 365.days

2-й вар = пропустить необходимое подтверждение:
# in User.rb
protected
def confirmation_required?
  false
end

*/- 5.3
Проверяю ветку
alex@www:~/rails_projects/osvita$ git branch
* devise
  master

*/- 5.4
Захожу в браузет,
загружаю Приложение /osvita
пытаюсь войти под oo.gaydar - требует подтверждения;
... под user01 - успешно вхожу:
Значит, все работает (как раньше);

*/- 5.5
В файле /home/alex/rails_projects/osvita/config/initializers/devise.rb
нахожу строку
  # config.allow_unconfirmed_access_for = 2.days
и меняю на
config.allow_unconfirmed_access_for = 365.days

*/- 5.6
Перегружаю сайт,
пытаюсь войти под oo.gaydar - ВОШЕЛ!!!!

*/- 6 коммит
alex@www:~/rails_projects/osvita$ git branch
* devise
  master

*/- 6.1
alex@www:~/rails_projects/osvita$ git status
On branch devise
Changes not staged for commit:
  (use "git add <file>..." to update what will be committed)
  (use "git checkout -- <file>..." to discard changes in working directory)

	modified:   config/environments/development.rb
	modified:   config/initializers/devise.rb

no changes added to commit (use "git add" and/or "git commit -a")

alex@www:~/rails_projects/osvita$ git add .
alex@www:~/rails_projects/osvita$ git commit -m "devise-4srv: 365day"
[devise 031fd6b] devise-4srv: 365day
 Committer: alex <alex@www>
 
Your name and email address were configured automatically based
on your username and hostname. Please check that they are accurate.
кп1/6.1
Ваше имя и адрес электронной почты были настроены автоматически
на ваше имя пользователя и имя хоста. Пожалуйста, проверьте, что они точны.

You can suppress this message by setting them explicitly:
**//- пер2/6.1
Вы можете подавить это сообщение, установив их явно: (установил в п.10.5 дальше)

    git config --global user.name "Your Name"
    git config --global user.email you@example.com

After doing this, you may fix the identity used for this commit with:

    git commit --amend --reset-author

 2 files changed, 11 insertions(+)

*/- 6.2
alex@www:~/rails_projects/osvita$ git checkout master
Switched to branch 'master'

Your branch is up-to-date with 'origin/master'.
**//- пер3/6.3
Ваша ветка обновлена с помощью «origin / master».

*/- 6.4
alex@www:~/rails_projects/osvita$ git merge devise
*//- комм1/6.4
Здесь при объединении ветвей возникли конфликты,
но я в спешке не ОсВ:

Auto-merging config/initializers/devise.rb

CONFLICT (content): Merge conflict in config/initializers/devise.rb
Auto-merging Gemfile.lock

CONFLICT (content): Merge conflict in Gemfile.lock
Auto-merging Gemfile

CONFLICT (content): Merge conflict in Gemfile
Automatic merge failed; 
fix conflicts and then commit the result.

*/- 6.5
Пытаюсь пуш,
**//- комм2/6.5 
но здесь возникают свои ошибки:

alex@www:~/rails_projects/osvita$ git push https://github.com/SS-Gaj/osvita.git
**//- пер4/6.5
warning: push.default is unset; its implicit value has changed in
Git 2.0 from 'matching' to 'simple'. To squelch this message
and maintain the traditional behavior, use:

предупреждение: push.default не установлен; его неявное значение изменилось в
Git 2.0 от «соответствия» до «простого». Отменить это сообщение
и поддерживать традиционное поведение, используйте:

  git config --global push.default matching

To squelch this message and adopt the new behavior now, use:

  git config --global push.default simple

**//- пер5/6.5
Чтобы подавить это сообщение и принять новое поведение, используйте: 

**//- комм3/6.5 
Эту команду я выполнил в п."9.4",
после этого, насколько я понял, соотв.запись была внесена в файл /home/alex/.gitconfig,
поскольку в распечатке этого файла, который я сделал позже, эта запись уже есть;
Поскольку такая же запись есть на НБ (/home/alex/Documents/my_projects/osvita/hm-osvita9-180702(git)),
то я оставляю ее и на Сервере;

When push.default is set to 'matching', git will push local branches
to the remote branches that already exist with the same name.

Since Git 2.0, Git defaults to the more conservative 'simple'
behavior, which only pushes the current branch to the corresponding
remote branch that 'git pull' uses to update the current branch.

See 'git help config' and search for 'push.default' for further information.
(the 'simple' mode was introduced in Git 1.7.11. Use the similar mode
'current' instead of 'simple' if you sometimes use older versions of Git)

Username for 'https://github.com': SS-Gaj
Password for 'https://SS-Gaj@github.com': 
Everything up-to-date
alex@www:~/rails_projects/osvita$ 

**//- комм4 В этот момент я скопировал терминалы, чтобы разобраться позже
Ниже идет три блока, в котором сохранены терминалы.
1-й и 2-й терминалы были открыты одновременно;
3-й - после ввода команд, когда 1-й и 2-й я закрыл;
Эти блоки я сохранил в Пц, 18.06.29, поскольку очень спешил, чтобы запушить коммит из сервера,
но это мне так и не удалось;
Тогда же, в Пц, после сохранения этих трех блоков,
я еще вводил команды для выполнения;
(после "разбирательтва" с содержимым блоков 1 - 3 я установил,
что следующая хронолоническая команда после п.6.5 - эту п.7.1, см.дальше)

Сейчас, 18.07.02, я подробно просматриваю свои команды по коммит/пуш
ответы системы;
Файл в оригинале с скопировал под именем srv-osvita7-180622(mailer)_at180629,
а в этот вношу комментарии и удаляю лишнее;

**** 1-й блок терминала НАЧАЛО ****
ЭТо был терминал сервера, поэтому здесь его удаляю, пока разбираться не буду;
**** 1-й блок терминала КОНЕЦ ****

**** 2-й блок терминала НАЧАЛО ****
**//- комм5/2Б
Этот блок я скопировал со всего терминала,
хотя раньше я уже кое что копировал из этого же терминала 
и вставлял в этот файл.
Поэтому, срввнивая ПОЛНЫЙ текст "БЛОКА 2" из файла srv-osvita7-180622(mailer)_at180629,
и "верхнюю" часть текущего файла, нахожу,
что начало "БЛОКА 2" совпадает с п.6.1-6.5 выше;  Эту часть я удаляю здесь из БЛОКА 2,
а "новое" оставляю и этапы нумерую п.7.1-7. ;

**//- комм6/2Б
С этого места и до конца БЛОКА 2 идут команды,
которые я реально вводил после п.6.5

*/- 7.1
alex@www:~/rails_projects/osvita$ git branch
  devise
* master

*/- 7.2
alex@www:~/rails_projects/osvita$ git status
On branch master
Your branch is up-to-date with 'origin/master'.
You have unmerged paths.
  (fix conflicts and run "git commit")

Changes to be committed:

	renamed:    app/assets/stylesheets/custom.scss -> app/assets/stylesheets/custom.css.scss
	modified:   config/environments/development.rb

Unmerged paths:
  (use "git add <file>..." to mark resolution)

	both modified:   Gemfile
	both modified:   Gemfile.lock
	both modified:   config/initializers/devise.rb
	
*/- 7.3
alex@www:~/rails_projects/osvita$ bundle install

[!] There was an error parsing `Gemfile`: syntax error, unexpected <<, expecting keyword_end - <<<<<<< HEAD
  ^
/home/alex/rails_projects/osvita/Gemfile:61: syntax error, unexpected ===, expecting end-of-input
=======
   ^. Bundler cannot continue.

 #  from /home/alex/rails_projects/osvita/Gemfile:59
 #  -------------------------------------------
 #    gem 'listen', '>= 3.0.5', '< 3.2'
 >  <<<<<<< HEAD
 #    gem "letter_opener", '~> 1.6.0'
 #  -------------------------------------------
alex@www:~/rails_projects/osvita$ bundle install
Your Gemfile.lock contains merge conflicts.
Run `git checkout HEAD -- Gemfile.lock` first to get a clean lock.

*/- 7.4
alex@www:~/rails_projects/osvita$ git checkout HEAD -- Gemfile.lock

*/- 7.5
alex@www:~/rails_projects/osvita$ bundle install

*/- 7.6
alex@www:~/rails_projects/osvita$ rails server

**//- комм7/2Б
С этого места и до конца БЛОКА 2 идет распечатка терминала сервера. Удалил.
**** 2-й КОНЕЦ


*/- 8.1
Запустил - РАБОТАЕТ!!!!
**//- комм8/7.1
Имеется в виду,
что Приложение запустилось локально после того,
как я "разрулил" конфликты и сделал bundle install;

*/- 8.2
Повторно пытаюсь объединить в главную ветку ...
alex@www:~/rails_projects/osvita$ git merge devise

error: merge is not possible because you have unmerged files.
hint: Fix them up in the work tree, and then use 'git add/rm <file>'
hint: as appropriate to mark resolution and make a commit, or use
hint: 'git commit -a'.

fatal: Exiting because of an unresolved conflict.

**//- пер6/7.2
Ошибка: слияние невозможно, потому что у вас есть файлы без мусора.
hint: исправьте их в дереве работ, а затем используйте 'git add / rm <file>'
Подсказка: по мере необходимости отметьте разрешение и сделайте фиксацию или используйте
hint: 'git commit -a'.

fatal: Exiting because of an unresolved conflict.

*/- 8.3
**//- комм8/7.3
По видимому, это - отчаявшаяся попытка еще раз запушить ... получаю те же огибки и те же рекомандации, что и в п.6.5:

alex@www:~/rails_projects/osvita$ git push https://github.com/SS-Gaj/osvita.git
warning: push.default is unset; its implicit value has changed in
Git 2.0 from 'matching' to 'simple'. To squelch this message
and maintain the traditional behavior, use:

  git config --global push.default matching

To squelch this message and adopt the new behavior now, use:

  git config --global push.default simple

When push.default is set to 'matching', git will push local branches
to the remote branches that already exist with the same name.

Since Git 2.0, Git defaults to the more conservative 'simple'
behavior, which only pushes the current branch to the corresponding
remote branch that 'git pull' uses to update the current branch.

See 'git help config' and search for 'push.default' for further information.
(the 'simple' mode was introduced in Git 1.7.11. Use the similar mode
'current' instead of 'simple' if you sometimes use older versions of Git)

Username for 'https://github.com': SS-Gaj
Password for 'https://SS-Gaj@github.com': 
Everything up-to-date
alex@www:~/rails_projects/osvita$ 


*/- 8.4
git master push https://github.com/SS-Gaj/osvita.git



**** 3-й блок терминала НАЧАЛО ****
*/- 9.1
alex@www:~/rails_projects/osvita$ git branch
  devise
* master

*/- 9.2
alex@www:~/rails_projects/osvita$ git push master https://github.com/SS-Gaj/osvita.git
fatal: remote part of refspec is not a valid name in https://github.com/SS-Gaj/osvita.git
**//- пер7/9.2
fatal: удаленная часть refspec не является допустимым именем в https://github.com/SS-Gaj/osvita.git
**//- комм9/9.2
Это в спешке, чтобы прошло, я "экспериментировал" с параметрами команды push в надежде, 
что верка master таки запушится;

*/- 9.3
alex@www:~/rails_projects/osvita$ git master push https://github.com/SS-Gaj/osvita.git
git: 'master' is not a git command. See 'git --help'.
**//- комм10/9.2 - см.мои **//- комм9/9.2;

*/- 9.4
alex@www:~/rails_projects/osvita$ git config --global push.default simple
**//- комм11/9.2
Это я начал читать сообщения системы и выполнять те команды, которые она рекомендовала;

*/- 9.5
alex@www:~/rails_projects/osvita$ git push https://github.com/SS-Gaj/osvita.git
Username for 'https://github.com': SS-Gaj
Password for 'https://SS-Gaj@github.com': 
Everything up-to-date

*/- 9.6
alex@www:~/rails_projects/osvita$ git log
commit 48cb792541ee37413182f6c51e31796909dfaecf
Author: Alex <sashagajdarenko@gmail.com>
Date:   Tue Jun 26 16:06:17 2018 +0300

    master-6: to heroku add prod-host

commit 65c92236f3b76a0a8c94690437c8e7ba56d8dfe2
Author: Alex <sashagajdarenko@gmail.com>
Date:   Tue Jun 26 13:40:04 2018 +0300

    master-5: to heroku

commit 2bc170b6a202792849cca4da7a6edc778dcf3eea
Author: alex <alex@www>
Date:   Thu Jun 21 13:32:51 2018 +0300

    devise-2srv: flash add

commit d289c9237d773238646d279aa5a5127f90023208
Author: alex <alex@www>
Date:   Tue Jun 19 19:30:52 2018 +0300

    devise-1srv: devise install
:...skipping...
commit 48cb792541ee37413182f6c51e31796909dfaecf
Author: Alex <sashagajdarenko@gmail.com>
Date:   Tue Jun 26 16:06:17 2018 +0300

    master-6: to heroku add prod-host

commit 65c92236f3b76a0a8c94690437c8e7ba56d8dfe2
Author: Alex <sashagajdarenko@gmail.com>
Date:   Tue Jun 26 13:40:04 2018 +0300

    master-5: to heroku

commit 2bc170b6a202792849cca4da7a6edc778dcf3eea
Author: alex <alex@www>
Date:   Thu Jun 21 13:32:51 2018 +0300

    devise-2srv: flash add

commit d289c9237d773238646d279aa5a5127f90023208
Author: alex <alex@www>
Date:   Tue Jun 19 19:30:52 2018 +0300

    devise-1srv: devise install

commit f9796ba0345f57742909c55a9b85ec8b31d607b5
Author: alex <alex@www>
Date:   Fri Jun 15 19:00:58 2018 +0300

    master-2srv: home page

commit c055dc163c48d135ec4933be06a764c658f5b3d2
Author: Alex <sashagajdarenko@gmail.com>
Date:   Thu Jun 14 00:07:13 2018 +0300

    master-1: start
~
*/- 9.7
alex@www:~/rails_projects/osvita$ git checkout devise
Gemfile: needs merge
config/initializers/devise.rb: needs merge
error: you need to resolve your current index first
**//- пер8/9.7
ошибка: вам нужно сначала решить свой текущий индекс
**//- комм12/9.7
Не знаю, что это означает.

*/- 9.8
alex@www:~/rails_projects/osvita$ git branch
  devise
* master

*/- 9.9
alex@www:~/rails_projects/osvita$ git status
On branch master
Your branch is up-to-date with 'origin/master'.
You have unmerged paths.
  (fix conflicts and run "git commit")

Changes to be committed:

	renamed:    app/assets/stylesheets/custom.scss -> app/assets/stylesheets/custom.css.scss
	modified:   config/environments/development.rb

Unmerged paths:
  (use "git add <file>..." to mark resolution)

	both modified:   Gemfile
	both modified:   config/initializers/devise.rb

*/- 9.10
alex@www:~/rails_projects/osvita$ git add .
alex@www:~/rails_projects/osvita$ git commit -m "master 7 + devise-4srv: 365day"
[master 254bb99] master 7 + devise-4srv: 365day
 Committer: alex <alex@www>
Your name and email address were configured automatically based
on your username and hostname. Please check that they are accurate.
You can suppress this message by setting them explicitly:

    git config --global user.name "Your Name"
    git config --global user.email you@example.com

After doing this, you may fix the identity used for this commit with:

    git commit --amend --reset-author

*/- 9.11
alex@www:~/rails_projects/osvita$ git log devise
commit 031fd6bfde865883517a3d0a3c59e54db7dbfd18
Author: alex <alex@www>
Date:   Fri Jun 29 16:17:36 2018 +0300

    devise-4srv: 365day

commit 42340f7ca003017b8e122068e5d70048a7eed873
Author: alex <alex@www>
Date:   Tue Jun 26 17:16:07 2018 +0300

    devise-3srv: mailer

commit 2bc170b6a202792849cca4da7a6edc778dcf3eea
Author: alex <alex@www>
Date:   Thu Jun 21 13:32:51 2018 +0300

    devise-2srv: flash add

commit d289c9237d773238646d279aa5a5127f90023208
Author: alex <alex@www>
Date:   Tue Jun 19 19:30:52 2018 +0300

    devise-1srv: devise install

commit f9796ba0345f57742909c55a9b85ec8b31d607b5
Author: alex <alex@www>
Date:   Fri Jun 15 19:00:58 2018 +0300

    master-2srv: home page

commit c055dc163c48d135ec4933be06a764c658f5b3d2
Author: Alex <sashagajdarenko@gmail.com>
Date:   Thu Jun 14 00:07:13 2018 +0300

    master-1: start
alex@www:~/rails_projects/osvita$ 

**** 3-й блок терминала КОНЕЦ ****

**** 2018.07.02 ****
*/- 10
Разбираюсь с git config (см.п.6.1 выше):

*/- 10.1
На сайте 
https://git-scm.com/book/ru/v1/
в разделе
"5 Введение - Первоначальная настройка Git"
"Первоначальная настройка Git"
нахожу файлы, относящиеся к git config:

1) нахожу /home/alex/rails_projects/osvita/.git/config,
  но здесь про user.name и user.email нет ничего:
alex@www:~$ cat /home/alex/rails_projects/osvita/.git/config
[core]
	repositoryformatversion = 0
	filemode = true
	bare = false
	logallrefupdates = true
[remote "origin"]
	url = git://github.com/SS-Gaj/osvita
	fetch = +refs/heads/*:refs/remotes/origin/*
[branch "master"]
	remote = origin
	merge = refs/heads/master
alex@www:~$ 
  
2) открываю /home/alex/.gitconfig (см.также п.10.5 дальше)

alex@www:~$ cat /home/alex/.gitconfig
[push]
	default = simple
alex@www:~$ 

3) ... а вот файла самого "верхнего" уровня, /etc/gitconfig, 
  я у себя на сервере так и не нашел(??)

*/- 10.1
Я уже было засомневался - установлени ли Git у меня на сервере,
и для проверки нашел команду ... но  Git оказался установленным;
Только вот о той части описания,
которая, ЯтД-ю, относится к конфигу, указано (см. п.10.2 ниже)...

alex@www:~$ dpkg -s git
Package: git
Status: install ok installed
Priority: optional
Section: vcs
Installed-Size: 21946
Maintainer: Gerrit Pape <pape@smarden.org>
Architecture: amd64
Multi-Arch: foreign
Version: 1:2.1.4-2.1+deb8u5
Replaces: git-core (<< 1:1.7.0.4-1.), gitweb (<< 1:1.7.4~rc1)
Provides: git-completion, git-core
Depends: libc6 (>= 2.16), libcurl3-gnutls (>= 7.16.2), libexpat1 (>= 2.0.1), libpcre3 (>= 1:8.35), zlib1g (>= 1:1.2.0), perl-modules, liberror-perl, git-man (>> 1:2.1.4), git-man (<< 1:2.1.4-.)
Recommends: patch, less, rsync, ssh-client
Suggests: gettext-base, git-daemon-run | git-daemon-sysvinit, git-doc, git-el, git-email, git-gui, gitk, gitweb, git-arch, git-cvs, git-mediawiki, git-svn
Breaks: bash-completion (<< 1:1.90-1), cogito (<= 0.18.2+), git-buildpackage (<< 0.6.5), git-core (<< 1:1.7.0.4-1.), gitosis (<< 0.2+20090917-7), gitpkg (<< 0.15), gitweb (<< 1:1.7.4~rc1), guilt (<< 0.33), stgit (<< 0.15), stgit-contrib (<< 0.15)

Conffiles:
 /etc/bash_completion.d/git-prompt 7baac5c3ced94ebf2c0e1dde65c3b1a6

Description: fast, scalable, distributed revision control system
 Git is popular version control system designed to handle very large
 projects with speed and efficiency; it is used for many high profile
 open source projects, most notably the Linux kernel.
 .
 Git falls in the category of distributed source code management tools.
 Every Git working directory is a full-fledged repository with full
 revision tracking capabilities, not dependent on network access or a
 central server.
 .
 This package provides the git main components with minimal dependencies.
 Additional functionality, e.g. a graphical user interface and revision
 tree visualizer, tools for interoperating with other VCS's, or a web
 interface, is provided as separate git* packages.
Homepage: http://git-scm.com/
alex@www:~$ 

*/- 10.2
В листинге п.10.1 нахожу
Conffiles:
 /etc/bash_completion.d/git-prompt 7baac5c3ced94ebf2c0e1dde65c3b1a6
 
... у себя на сервере нахожу
/etc/bash_completion.d/git-prompt
# In git versions < 1.7.12, this shell library was part of the
# git completion script.
#
# Some users rely on the __git_ps1 function becoming available
# when bash-completion is loaded.  Continue to load this library
# at bash-completion startup for now, to ease the transition to a
# world order where the prompt function is requested separately.
#
if [[ -e /usr/lib/git-core/git-sh-prompt ]]; then
	. /usr/lib/git-core/git-sh-prompt
fi

**//- пер9/10.2
В версиях git <1.7.12 эта библиотека оболочки была частью
  git завершение сценарий.
  Некоторые пользователи полагаются на функцию __git_ps1, которая становится доступной при загрузке bash. Продолжайте загружать эту библиотеку при запуске bash-завершения, чтобы облегчить переход в мировой порядок, когда запрашиваемая функция запрашивается отдельно.

*/- 10.3
Сначала ОсВ,
что в листинге команды
git log
в коммитах, которые я сделал на Сервере,
идет 
Author: alex <alex@www>

а которые на НБ - 
Author: Alex <sashagajdarenko@gmail.com>

*/- 10.4
Затем сделал 'cat' конфиг*-файлов на НБ - см.файл
/home/alex/Documents/my_projects/osvita/hm-osvita9-180702(git)

*/- 10.5
После этого решил выполнить команды,
о которых система меня просила в п.6.1 выше:

alex@www:~$ git config --global user.name "alex"
alex@www:~$ git config --global user.email oo.gaydar@gmail.com

... и повторно делаю ... (см.п.10.1 выше)
alex@www:~$ cat /home/alex/.gitconfig
[push]
	default = simple
[user]
	name = alex
	email = oo.gaydar@gmail.com
alex@www:~$ 

**** 2018.07.03 ****
*/- 11
В процессе разбирательства с БЛОКАМИ,
меня постигла мысль,
что в процессе 'merge' системя внесла свои комментарии не только в ветку master, но и в devise;
И я решил исправить те же файлы в devise, которые я исправлял в master;
Потом я упростил задачу, и решил просто скопировать файлы из master в devise;

*/- 11.1
Для этого сначала копирую их в /home/alex/Documents/my_projects/osvita/
по именами типа Gemfile_master_at180629;

alex@www:~/rails_projects/osvita$ git branch
  devise
* master

alex@www:~/rails_projects/osvita$ git checkout devise
Switched to branch 'devise'

*/- 11.2
alex@www:~/rails_projects/osvita$ bundle install
The dependency tzinfo-data (>= 0) will be unused by any of the platforms Bundler is installing for. Bundler is installing for ruby but the dependency is only for x86-mingw32, x86-mswin32, x64-mingw32, java. To add those platforms to the bundle, run `bundle lock --add-platform x86-mingw32 x86-mswin32 x64-mingw32 java`.
Fetching gem metadata from https://rubygems.org/.........
Fetching gem metadata from https://rubygems.org/.
Resolving dependencies......
Using rake 12.3.1
Using concurrent-ruby 1.0.5
Using i18n 1.0.1
Using minitest 5.11.3
Using thread_safe 0.3.6
Using tzinfo 1.2.5
Using activesupport 5.2.0
Using builder 3.2.3
Using erubi 1.7.1
Using mini_portile2 2.3.0
Using nokogiri 1.8.2
Using rails-dom-testing 2.0.3
Using crass 1.0.4
Using loofah 2.2.2
Using rails-html-sanitizer 1.0.4
Using actionview 5.2.0
Using rack 2.0.5
Using rack-test 1.0.0
Using actionpack 5.2.0
Using nio4r 2.3.1
Using websocket-extensions 0.1.3
Using websocket-driver 0.7.0
Using actioncable 5.2.0
Using globalid 0.4.1
Using activejob 5.2.0
Using mini_mime 1.0.0
Using mail 2.7.0
Using actionmailer 5.2.0
Using activemodel 5.2.0
Using arel 9.0.0
Using activerecord 5.2.0
Using mimemagic 0.3.2
Using marcel 0.3.2
Using activestorage 5.2.0
Using public_suffix 3.0.2
Using addressable 2.5.2
Using io-like 0.3.0
Using archive-zip 0.11.0
Using execjs 2.7.0
Using autoprefixer-rails 8.6.2
Using bcrypt 3.1.12
Using bindex 0.5.0
Using msgpack 1.2.4
Using bootsnap 1.3.0
Using popper_js 1.12.9
Using rb-fsevent 0.10.3
Using ffi 1.9.25
Using rb-inotify 0.9.10
Using sass-listen 4.0.0
Using sass 3.5.6
Using bootstrap 4.1.1
Using bundler 1.16.2
Using byebug 10.0.2
Using xpath 3.1.0
Using capybara 3.2.1
Using childprocess 0.9.0
Using chromedriver-helper 1.2.0
Using coffee-script-source 1.12.2
Using coffee-script 2.4.1
Using method_source 0.9.0
Using thor 0.20.0
Using railties 5.2.0
Using coffee-rails 4.2.2
Using orm_adapter 0.5.0
Using responders 2.4.0
Using warden 1.2.7
Using devise 4.4.3
Using multi_json 1.13.1
Using jbuilder 2.7.0
Using jquery-rails 4.3.3
Using launchy 2.4.3
Using letter_opener 1.6.0
Using ruby_dep 1.5.0
Using listen 3.1.5
Using pg 1.0.0
Using puma 3.11.4
Using sprockets 3.7.1
Using sprockets-rails 3.2.1
Using rails 5.2.0
Using rubyzip 1.2.1
Using tilt 2.0.8
Using sass-rails 5.0.7
Using selenium-webdriver 3.12.0
Using spring 2.0.2
Using spring-watcher-listen 2.0.1
Using turbolinks-source 5.1.0
Using turbolinks 5.1.1
Using uglifier 4.1.11
Using web-console 3.6.2
Bundle complete! 24 Gemfile dependencies, 89 gems now installed.
Use `bundle info [gemname]` to see where a bundled gem is installed.
alex@www:~/rails_projects/osvita$ 

*/- 11.3
Запускаю в браузере Приложение - РАБОТАЕТ!!!
Т.е., oo.gaydar вошел успешно!!!!

*/- 11.4
alex@www:~/rails_projects/osvita$ git status
On branch devise
Changes not staged for commit:
  (use "git add <file>..." to update what will be committed)
  (use "git checkout -- <file>..." to discard changes in working directory)

	modified:   Gemfile
	modified:   Gemfile.lock
	modified:   config/initializers/devise.rb

no changes added to commit (use "git add" and/or "git commit -a")

*/- 11.5
alex@www:~/rails_projects/osvita$ git add .
alex@www:~/rails_projects/osvita$ git commit -m "devise-5srv: merge with master"
[devise 10fb64b] devise-5srv: merge with master
 3 files changed, 12 insertions(+), 6 deletions(-)

*/- 11.6 
alex@www:~/rails_projects/osvita$ git checkout master
Switched to branch 'master'
Your branch is ahead of 'origin/master' by 3 commits.
  (use "git push" to publish your local commits)

*/- 11.7
alex@www:~/rails_projects/osvita$ git status
On branch master
Your branch is ahead of 'origin/master' by 3 commits.
  (use "git push" to publish your local commits)
nothing to commit, working directory clean

*/- 11.8
alex@www:~/rails_projects/osvita$ git merge devise

**//- комм13/11.8
Сразу после ввода команды
терминал вошел в редактор 'nano',
и на экране вывелось ...

**** nano НАЧАЛО ****
Please enter a commit message to explain why this merge is necessary, especially if it merges an updated upstream into a topic branch.

Lines starting with '#' will be ignored, and an empty message aborts the commit.

**//- пер10/11.8
Введите сообщение фиксации, чтобы объяснить, почему это слияние необходимо, особенно если оно объединяет обновленный поток вверх в ветку темы.

Строки, начинающиеся с «#», будут игнорироваться, а пустое сообщение прерывает фиксацию.
**** nano КОНЕЦ ****

**//- комм14/11.8
Я ввел что то типа "after correcting conflicts"
и вышел (правда, с трудом)

После этого nano-экран исчез,
а на терминал вывилось "окончание" команды:

Merge made by the 'recursive' strategy.
**//- пер11/11.8
Слияние осуществляется по «рекурсивной» стратегии.

*/- 12.8
alex@www:~/rails_projects/osvita$ git branch
  devise
* master

*/- 12.9
ОсВ, что в этом логе,
в отличии от "обычных" ситуаций,
в ветке master есть не только последний коммит из devise,
но и коммит, которого я не делал - с теми примечаниями, которые я вводил через 'nano' , см.п.11.8 выше:
alex@www:~/rails_projects/osvita$ git log
commit c3784540088427a622f514835b097a021efcb5b1
Merge: 254bb99 10fb64b
Author: alex <oo.gaydar@gmail.com>
Date:   Tue Jul 3 16:27:53 2018 +0300

    Merge branch 'devise'
    
    After correcting conflicts

commit 10fb64b2245df23dd4d37035ecd4fe1f1e944847
Author: alex <oo.gaydar@gmail.com>
Date:   Tue Jul 3 16:26:45 2018 +0300

    devise-5srv: merge with master

commit 254bb9944a3c9a1e031830eb2d329faab6ac586f
Merge: 48cb792 031fd6b
Author: alex <alex@www>
Date:   Fri Jun 29 16:51:35 2018 +0300

    master 7 + devise-4srv: 365day

commit 031fd6bfde865883517a3d0a3c59e54db7dbfd18
Author: alex <alex@www>
Date:   Fri Jun 29 16:17:36 2018 +0300

    devise-4srv: 365day

commit 42340f7ca003017b8e122068e5d70048a7eed873
Author: alex <alex@www>
Date:   Tue Jun 26 17:16:07 2018 +0300

    devise-3srv: mailer

commit 48cb792541ee37413182f6c51e31796909dfaecf
Author: Alex <sashagajdarenko@gmail.com>
Date:   Tue Jun 26 16:06:17 2018 +0300

    master-6: to heroku add prod-host

commit 65c92236f3b76a0a8c94690437c8e7ba56d8dfe2
Author: Alex <sashagajdarenko@gmail.com>
Date:   Tue Jun 26 13:40:04 2018 +0300

    master-5: to heroku

commit 2bc170b6a202792849cca4da7a6edc778dcf3eea
Author: alex <alex@www>
Date:   Thu Jun 21 13:32:51 2018 +0300

    devise-2srv: flash add

commit d289c9237d773238646d279aa5a5127f90023208
Author: alex <alex@www>
Date:   Tue Jun 19 19:30:52 2018 +0300

    devise-1srv: devise install

commit f9796ba0345f57742909c55a9b85ec8b31d607b5
Author: alex <alex@www>
Date:   Fri Jun 15 19:00:58 2018 +0300

    master-2srv: home page

commit c055dc163c48d135ec4933be06a764c658f5b3d2
Author: Alex <sashagajdarenko@gmail.com>
Date:   Thu Jun 14 00:07:13 2018 +0300

    master-1: start
alex@www:~/rails_projects/osvita$ 

*/- 12.10
Обновляю браузер - РАБОТАЕТ!!!!
Пользователь oo.gaydar успешно вошел и на master!!!!

*/- 12.11 пуш - УСПЕШНО!!!!

alex@www:~/rails_projects/osvita$ git push https://github.com/SS-Gaj/osvita.git
Username for 'https://github.com': SS-Gaj
Password for 'https://SS-Gaj@github.com': 
Counting objects: 29, done.
Delta compression using up to 2 threads.
Compressing objects: 100% (29/29), done.
Writing objects: 100% (29/29), 2.67 KiB | 0 bytes/s, done.
Total 29 (delta 21), reused 0 (delta 0)
remote: Resolving deltas: 100% (21/21), completed with 10 local objects.
To https://github.com/SS-Gaj/osvita.git
   48cb792..c378454  master -> master
alex@www:~/rails_projects/osvita$ 

*/- 13.1
Запулил этот коммит на НБ - РАБОТАЕТ!!!!

*/- 13.2
Отправил на Heroku - РАБОТАЕТ!!!!

*/- 13.3
Загрузил на мобильный - РАБОТАЕТ!!!!
Кроме того, СВОРАЧИВАЕТСЯ МЕНЮ!!!!

Далее решил сделать локализацию - см.файл srv-osvita7-180704(locale)


